Component: ARM Compiler 5.06 update 7 (build 960) Tool: armlink [4d3601]

==============================================================================

Section Cross References

    startup_stm32f103xb.o(RESET) refers to startup_stm32f103xb.o(STACK) for __initial_sp
    startup_stm32f103xb.o(RESET) refers to startup_stm32f103xb.o(.text) for Reset_Handler
    startup_stm32f103xb.o(RESET) refers to stm32f1xx_it.o(i.NMI_Handler) for NMI_Handler
    startup_stm32f103xb.o(RESET) refers to stm32f1xx_it.o(i.HardFault_Handler) for HardFault_Handler
    startup_stm32f103xb.o(RESET) refers to stm32f1xx_it.o(i.MemManage_Handler) for MemManage_Handler
    startup_stm32f103xb.o(RESET) refers to stm32f1xx_it.o(i.BusFault_Handler) for BusFault_Handler
    startup_stm32f103xb.o(RESET) refers to stm32f1xx_it.o(i.UsageFault_Handler) for UsageFault_Handler
    startup_stm32f103xb.o(RESET) refers to port.o(.emb_text) for SVC_Handler
    startup_stm32f103xb.o(RESET) refers to stm32f1xx_it.o(i.DebugMon_Handler) for DebugMon_Handler
    startup_stm32f103xb.o(RESET) refers to port.o(i.SysTick_Handler) for SysTick_Handler
    startup_stm32f103xb.o(RESET) refers to stm32f1xx_it.o(i.USB_LP_CAN1_RX0_IRQHandler) for USB_LP_CAN1_RX0_IRQHandler
    startup_stm32f103xb.o(RESET) refers to stm32f1xx_it.o(i.TIM2_IRQHandler) for TIM2_IRQHandler
    startup_stm32f103xb.o(RESET) refers to stm32f1xx_it.o(i.TIM4_IRQHandler) for TIM4_IRQHandler
    startup_stm32f103xb.o(RESET) refers to stm32f1xx_it.o(i.USART2_IRQHandler) for USART2_IRQHandler
    startup_stm32f103xb.o(.text) refers to system_stm32f1xx.o(i.SystemInit) for SystemInit
    startup_stm32f103xb.o(.text) refers to entry.o(.ARM.Collect$$$$00000000) for __main
    main.o(i.HAL_TIM_PeriodElapsedCallback) refers to stm32f1xx_hal.o(i.HAL_IncTick) for HAL_IncTick
    main.o(i.SystemClock_Config) refers to memseta.o(.text) for __aeabi_memclr4
    main.o(i.SystemClock_Config) refers to stm32f1xx_hal_rcc.o(i.HAL_RCC_OscConfig) for HAL_RCC_OscConfig
    main.o(i.SystemClock_Config) refers to main.o(i.Error_Handler) for Error_Handler
    main.o(i.SystemClock_Config) refers to stm32f1xx_hal_rcc.o(i.HAL_RCC_ClockConfig) for HAL_RCC_ClockConfig
    main.o(i.SystemClock_Config) refers to stm32f1xx_hal_rcc_ex.o(i.HAL_RCCEx_PeriphCLKConfig) for HAL_RCCEx_PeriphCLKConfig
    main.o(i.main) refers to stm32f1xx_hal.o(i.HAL_Init) for HAL_Init
    main.o(i.main) refers to main.o(i.SystemClock_Config) for SystemClock_Config
    main.o(i.main) refers to gpio.o(i.MX_GPIO_Init) for MX_GPIO_Init
    main.o(i.main) refers to tim.o(i.MX_TIM2_Init) for MX_TIM2_Init
    main.o(i.main) refers to tim.o(i.MX_TIM3_Init) for MX_TIM3_Init
    main.o(i.main) refers to usart.o(i.MX_USART2_UART_Init) for MX_USART2_UART_Init
    main.o(i.main) refers to stm32f1xx_hal_tim.o(i.HAL_TIM_IC_Start_IT) for HAL_TIM_IC_Start_IT
    main.o(i.main) refers to stm32f1xx_hal_tim.o(i.HAL_TIM_PWM_Start) for HAL_TIM_PWM_Start
    main.o(i.main) refers to cmsis_os2.o(i.osKernelInitialize) for osKernelInitialize
    main.o(i.main) refers to freertos.o(i.MX_FREERTOS_Init) for MX_FREERTOS_Init
    main.o(i.main) refers to cmsis_os2.o(i.osKernelStart) for osKernelStart
    main.o(i.main) refers to tim.o(.bss) for htim2
    main.o(i.main) refers to usart.o(.bss) for huart2
    gpio.o(i.MX_GPIO_Init) refers to stm32f1xx_hal_gpio.o(i.HAL_GPIO_WritePin) for HAL_GPIO_WritePin
    gpio.o(i.MX_GPIO_Init) refers to stm32f1xx_hal_gpio.o(i.HAL_GPIO_Init) for HAL_GPIO_Init
    freertos.o(i.MX_FREERTOS_Init) refers to cmsis_os2.o(i.osThreadNew) for osThreadNew
    freertos.o(i.MX_FREERTOS_Init) refers to freertos.o(.constdata) for Task01_attributes
    freertos.o(i.MX_FREERTOS_Init) refers to freertos.o(i.StartTask01) for StartTask01
    freertos.o(i.MX_FREERTOS_Init) refers to freertos.o(.data) for Task01Handle
    freertos.o(i.MX_FREERTOS_Init) refers to freertos.o(i.StartTask02) for StartTask02
    freertos.o(i.MX_FREERTOS_Init) refers to freertos.o(i.StartTask03) for StartTask03
    freertos.o(i.MX_FREERTOS_Init) refers to freertos.o(i.StartTask04) for StartTask04
    freertos.o(i.MX_FREERTOS_Init) refers to freertos.o(i.StartTask05) for StartTask05
    freertos.o(i.StartTask01) refers to usb_device.o(i.MX_USB_DEVICE_Init) for MX_USB_DEVICE_Init
    freertos.o(i.StartTask01) refers to task01.o(i.Task01Main) for Task01Main
    freertos.o(i.StartTask01) refers to cmsis_os2.o(i.osDelay) for osDelay
    freertos.o(i.StartTask02) refers to task02.o(i.Task02Main) for Task02Main
    freertos.o(i.StartTask02) refers to cmsis_os2.o(i.osDelay) for osDelay
    freertos.o(i.StartTask03) refers to task03.o(i.Task03Main) for Task03Main
    freertos.o(i.StartTask03) refers to cmsis_os2.o(i.osDelay) for osDelay
    freertos.o(i.StartTask04) refers to task04.o(i.Task04Main) for Task04Main
    freertos.o(i.StartTask04) refers to cmsis_os2.o(i.osDelay) for osDelay
    freertos.o(i.StartTask05) refers to task05.o(i.Task05Main) for Task05Main
[...]
    DMA1_Channel1_IRQHandler                 0x080001b7   Thumb Code     0  startup_stm32f103xb.o(.text)
    DMA1_Channel2_IRQHandler                 0x080001b7   Thumb Code     0  startup_stm32f103xb.o(.text)
    DMA1_Channel3_IRQHandler                 0x080001b7   Thumb Code     0  startup_stm32f103xb.o(.text)
    DMA1_Channel4_IRQHandler                 0x080001b7   Thumb Code     0  startup_stm32f103xb.o(.text)
    DMA1_Channel5_IRQHandler                 0x080001b7   Thumb Code     0  startup_stm32f103xb.o(.text)
    DMA1_Channel6_IRQHandler                 0x080001b7   Thumb Code     0  startup_stm32f103xb.o(.text)
    DMA1_Channel7_IRQHandler                 0x080001b7   Thumb Code     0  startup_stm32f103xb.o(.text)
    EXTI0_IRQHandler                         0x080001b7   Thumb Code     0  startup_stm32f103xb.o(.text)
    EXTI15_10_IRQHandler                     0x080001b7   Thumb Code     0  startup_stm32f103xb.o(.text)
    EXTI1_IRQHandler                         0x080001b7   Thumb Code     0  startup_stm32f103xb.o(.text)
    EXTI2_IRQHandler                         0x080001b7   Thumb Code     0  startup_stm32f103xb.o(.text)
    EXTI3_IRQHandler                         0x080001b7   Thumb Code     0  startup_stm32f103xb.o(.text)
    EXTI4_IRQHandler                         0x080001b7   Thumb Code     0  startup_stm32f103xb.o(.text)
    EXTI9_5_IRQHandler                       0x080001b7   Thumb Code     0  startup_stm32f103xb.o(.text)
    FLASH_IRQHandler                         0x080001b7   Thumb Code     0  startup_stm32f103xb.o(.text)
    I2C1_ER_IRQHandler                       0x080001b7   Thumb Code     0  startup_stm32f103xb.o(.text)
    I2C1_EV_IRQHandler                       0x080001b7   Thumb Code     0  startup_stm32f103xb.o(.text)
    I2C2_ER_IRQHandler                       0x080001b7   Thumb Code     0  startup_stm32f103xb.o(.text)
    I2C2_EV_IRQHandler                       0x080001b7   Thumb Code     0  startup_stm32f103xb.o(.text)
    PVD_IRQHandler                           0x080001b7   Thumb Code     0  startup_stm32f103xb.o(.text)
    RCC_IRQHandler                           0x080001b7   Thumb Code     0  startup_stm32f103xb.o(.text)
    RTC_Alarm_IRQHandler                     0x080001b7   Thumb Code     0  startup_stm32f103xb.o(.text)
    RTC_IRQHandler                           0x080001b7   Thumb Code     0  startup_stm32f103xb.o(.text)
    SPI1_IRQHandler                          0x080001b7   Thumb Code     0  startup_stm32f103xb.o(.text)
    SPI2_IRQHandler                          0x080001b7   Thumb Code     0  startup_stm32f103xb.o(.text)
    TAMPER_IRQHandler                        0x080001b7   Thumb Code     0  startup_stm32f103xb.o(.text)
    TIM1_BRK_IRQHandler                      0x080001b7   Thumb Code     0  startup_stm32f103xb.o(.text)
    TIM1_CC_IRQHandler                       0x080001b7   Thumb Code     0  startup_stm32f103xb.o(.text)
    TIM1_TRG_COM_IRQHandler                  0x080001b7   Thumb Code     0  startup_stm32f103xb.o(.text)
    TIM1_UP_IRQHandler                       0x080001b7   Thumb Code     0  startup_stm32f103xb.o(.text)
    TIM3_IRQHandler                          0x080001b7   Thumb Code     0  startup_stm32f103xb.o(.text)
    USART1_IRQHandler                        0x080001b7   Thumb Code     0  startup_stm32f103xb.o(.text)
    USART3_IRQHandler                        0x080001b7   Thumb Code     0  startup_stm32f103xb.o(.text)
    USBWakeUp_IRQHandler                     0x080001b7   Thumb Code     0  startup_stm32f103xb.o(.text)
    USB_HP_CAN1_TX_IRQHandler                0x080001b7   Thumb Code     0  startup_stm32f103xb.o(.text)
    WWDG_IRQHandler                          0x080001b7   Thumb Code     0  startup_stm32f103xb.o(.text)
    __aeabi_llsr                             0x080001c1   Thumb Code    32  llushr.o(.text)
    _ll_ushift_r                             0x080001c1   Thumb Code     0  llushr.o(.text)
    __aeabi_memcpy                           0x080001e1   Thumb Code    36  memcpya.o(.text)
    __aeabi_memcpy4                          0x080001e1   Thumb Code     0  memcpya.o(.text)
    __aeabi_memcpy8                          0x080001e1   Thumb Code     0  memcpya.o(.text)
    __aeabi_memset                           0x08000205   Thumb Code    14  memseta.o(.text)
    __aeabi_memset4                          0x08000205   Thumb Code     0  memseta.o(.text)
    __aeabi_memset8                          0x08000205   Thumb Code     0  memseta.o(.text)
    __aeabi_memclr                           0x08000213   Thumb Code     4  memseta.o(.text)
    __aeabi_memclr4                          0x08000213   Thumb Code     0  memseta.o(.text)
    __aeabi_memclr8                          0x08000213   Thumb Code     0  memseta.o(.text)
    memset                                   0x08000217   Thumb Code    18  memseta.o(.text)
    __aeabi_fadd                             0x08000229   Thumb Code   164  fadd.o(.text)
    __aeabi_fsub                             0x080002cd   Thumb Code     6  fadd.o(.text)
    __aeabi_frsub                            0x080002d3   Thumb Code     6  fadd.o(.text)
    __aeabi_fmul                             0x080002d9   Thumb Code   100  fmul.o(.text)
    __aeabi_fdiv                             0x0800033d   Thumb Code   124  fdiv.o(.text)
    __aeabi_dadd                             0x080003b9   Thumb Code   322  dadd.o(.text)
    __aeabi_dsub                             0x080004fb   Thumb Code     6  dadd.o(.text)
    __aeabi_drsub                            0x08000501   Thumb Code     6  dadd.o(.text)
    __aeabi_dmul                             0x08000507   Thumb Code   228  dmul.o(.text)
    __aeabi_i2f                              0x080005eb   Thumb Code    18  fflti.o(.text)
    __aeabi_ui2f                             0x080005fd   Thumb Code    10  ffltui.o(.text)
    __aeabi_f2iz                             0x08000607   Thumb Code    50  ffixi.o(.text)
    __aeabi_d2uiz                            0x08000639   Thumb Code    50  dfixui.o(.text)
    __aeabi_f2d                              0x0800066b   Thumb Code    38  f2d.o(.text)
    __aeabi_d2f                              0x08000691   Thumb Code    56  d2f.o(.text)
    __aeabi_cfcmpeq                          0x080006c9   Thumb Code     0  cfcmple.o(.text)
    __aeabi_cfcmple                          0x080006c9   Thumb Code    20  cfcmple.o(.text)
    __aeabi_cfrcmple                         0x080006dd   Thumb Code    20  cfrcmple.o(.text)
    __aeabi_llsl                             0x080006f1   Thumb Code    30  llshl.o(.text)
    _ll_shift_l                              0x080006f1   Thumb Code     0  llshl.o(.text)
    __aeabi_lasr                             0x0800070f   Thumb Code    36  llsshr.o(.text)
    _ll_sshift_r                             0x0800070f   Thumb Code     0  llsshr.o(.text)
    __I$use$fp                               0x08000733   Thumb Code     0  iusefp.o(.text)
    _float_round                             0x08000733   Thumb Code    18  fepilogue.o(.text)
    _float_epilogue                          0x08000745   Thumb Code    92  fepilogue.o(.text)
    _double_round                            0x080007a1   Thumb Code    30  depilogue.o(.text)
    _double_epilogue                         0x080007bf   Thumb Code   156  depilogue.o(.text)
    __scatterload                            0x0800085d   Thumb Code    28  init.o(.text)
    __scatterload_rt2                        0x0800085d   Thumb Code     0  init.o(.text)
    __decompress                             0x08000881   Thumb Code     0  __dczerorl2.o(.text)
    __decompress1                            0x08000881   Thumb Code    86  __dczerorl2.o(.text)
    BusFault_Handler                         0x080008d7   Thumb Code     4  stm32f1xx_it.o(i.BusFault_Handler)
    CalCRC16                                 0x08000965   Thumb Code    50  crc.o(i.CalCRC16)
    ChToFloat                                0x080009a1   Thumb Code    28  modbusprotocol.o(i.ChToFloat)
    ChToINT16                                0x080009bd   Thumb Code    16  modbusprotocol.o(i.ChToINT16)
    CntToKGCalc                              0x080009cd   Thumb Code    76  task02.o(i.CntToKGCalc)
    ConfigUpdate                             0x08000a29   Thumb Code    90  task05.o(i.ConfigUpdate)
    CurrentOutput                            0x08000a8d   Thumb Code   108  vaoutput.o(i.CurrentOutput)
    DebugMon_Handler                         0x08000b01   Thumb Code     2  stm32f1xx_it.o(i.DebugMon_Handler)
    DefultParam                              0x08000b05   Thumb Code   112  task05.o(i.DefultParam)
    Error_Handler                            0x08000b81   Thumb Code     2  main.o(i.Error_Handler)
    FLASH_PageErase                          0x08000bad   Thumb Code    32  stm32f1xx_hal_flash_ex.o(i.FLASH_PageErase)
    FLASH_WaitForLastOperation               0x08000c79   Thumb Code   106  stm32f1xx_hal_flash.o(i.FLASH_WaitForLastOperation)
    FloatToCh                                0x08000ce9   Thumb Code    24  modbusprotocol.o(i.FloatToCh)
    HAL_DMA_Abort_IT                         0x08000d35   Thumb Code   172  stm32f1xx_hal_dma.o(i.HAL_DMA_Abort_IT)
    HAL_FLASHEx_Erase                        0x08000de5   Thumb Code   168  stm32f1xx_hal_flash_ex.o(i.HAL_FLASHEx_Erase)
    HAL_FLASH_Lock                           0x08000e95   Thumb Code    16  stm32f1xx_hal_flash.o(i.HAL_FLASH_Lock)
    HAL_FLASH_Program                        0x08000ea9   Thumb Code   168  stm32f1xx_hal_flash.o(i.HAL_FLASH_Program)
    HAL_FLASH_Unlock                         0x08000f59   Thumb Code    36  stm32f1xx_hal_flash.o(i.HAL_FLASH_Unlock)
    HAL_GPIO_Init                            0x08000f89   Thumb Code   766  stm32f1xx_hal_gpio.o(i.HAL_GPIO_Init)
    HAL_GPIO_WritePin                        0x080012a9   Thumb Code    12  stm32f1xx_hal_gpio.o(i.HAL_GPIO_WritePin)
    HAL_GetTick                              0x080012b5   Thumb Code     6  stm32f1xx_hal.o(i.HAL_GetTick)
    HAL_IncTick                              0x080012c1   Thumb Code    16  stm32f1xx_hal.o(i.HAL_IncTick)
    HAL_Init                                 0x080012d9   Thumb Code    34  stm32f1xx_hal.o(i.HAL_Init)
    HAL_InitTick                             0x08001301   Thumb Code   118  stm32f1xx_hal_timebase_tim.o(i.HAL_InitTick)
    HAL_MspInit                              0x08001389   Thumb Code    76  stm32f1xx_hal_msp.o(i.HAL_MspInit)
    HAL_NVIC_EnableIRQ                       0x080013dd   Thumb Code    32  stm32f1xx_hal_cortex.o(i.HAL_NVIC_EnableIRQ)
    HAL_NVIC_SetPriority                     0x080013fd   Thumb Code   124  stm32f1xx_hal_cortex.o(i.HAL_NVIC_SetPriority)
    HAL_NVIC_SetPriorityGrouping             0x08001479   Thumb Code    32  stm32f1xx_hal_cortex.o(i.HAL_NVIC_SetPriorityGrouping)
    HAL_PCDEx_PMAConfig                      0x080014a1   Thumb Code    68  stm32f1xx_hal_pcd_ex.o(i.HAL_PCDEx_PMAConfig)
    HAL_PCDEx_SetConnectionState             0x080014e5   Thumb Code     2  usbd_conf.o(i.HAL_PCDEx_SetConnectionState)
    HAL_PCD_DataInStageCallback              0x080014e7   Thumb Code    32  usbd_conf.o(i.HAL_PCD_DataInStageCallback)
    HAL_PCD_DataOutStageCallback             0x08001507   Thumb Code    32  usbd_conf.o(i.HAL_PCD_DataOutStageCallback)
    HAL_PCD_EP_Close                         0x08001527   Thumb Code   106  stm32f1xx_hal_pcd.o(i.HAL_PCD_EP_Close)
    HAL_PCD_EP_ClrStall                      0x08001591   Thumb Code   124  stm32f1xx_hal_pcd.o(i.HAL_PCD_EP_ClrStall)
    HAL_PCD_EP_GetRxCount                    0x08001adb   Thumb Code    22  stm32f1xx_hal_pcd.o(i.HAL_PCD_EP_GetRxCount)
    HAL_PCD_EP_Open                          0x08001af1   Thumb Code   140  stm32f1xx_hal_pcd.o(i.HAL_PCD_EP_Open)
    HAL_PCD_EP_Receive                       0x08001b7d   Thumb Code    76  stm32f1xx_hal_pcd.o(i.HAL_PCD_EP_Receive)
    HAL_PCD_EP_SetStall                      0x08001bc9   Thumb Code   136  stm32f1xx_hal_pcd.o(i.HAL_PCD_EP_SetStall)
    HAL_PCD_EP_Transmit                      0x08001c51   Thumb Code    86  stm32f1xx_hal_pcd.o(i.HAL_PCD_EP_Transmit)
    HAL_PCD_IRQHandler                       0x08001ca7   Thumb Code   482  stm32f1xx_hal_pcd.o(i.HAL_PCD_IRQHandler)
    HAL_PCD_Init                             0x08001e89   Thumb Code   344  stm32f1xx_hal_pcd.o(i.HAL_PCD_Init)
    HAL_PCD_MspInit                          0x08001fe1   Thumb Code    58  usbd_conf.o(i.HAL_PCD_MspInit)
    HAL_PCD_ResetCallback                    0x08002025   Thumb Code    36  usbd_conf.o(i.HAL_PCD_ResetCallback)
    HAL_PCD_ResumeCallback                   0x08002049   Thumb Code    14  usbd_conf.o(i.HAL_PCD_ResumeCallback)
    HAL_PCD_SOFCallback                      0x08002057   Thumb Code    14  usbd_conf.o(i.HAL_PCD_SOFCallback)
    HAL_PCD_SetAddress                       0x08002065   Thumb Code    54  stm32f1xx_hal_pcd.o(i.HAL_PCD_SetAddress)
    HAL_PCD_SetupStageCallback               0x0800209b   Thumb Code    18  usbd_conf.o(i.HAL_PCD_SetupStageCallback)
    HAL_PCD_Start                            0x080020ad   Thumb Code    60  stm32f1xx_hal_pcd.o(i.HAL_PCD_Start)
    HAL_PCD_SuspendCallback                  0x080020e9   Thumb Code    30  usbd_conf.o(i.HAL_PCD_SuspendCallback)
    HAL_RCCEx_PeriphCLKConfig                0x0800210d   Thumb Code   290  stm32f1xx_hal_rcc_ex.o(i.HAL_RCCEx_PeriphCLKConfig)
    HAL_RCC_ClockConfig                      0x0800223d   Thumb Code   376  stm32f1xx_hal_rcc.o(i.HAL_RCC_ClockConfig)
    HAL_RCC_GetClockConfig                   0x080023c9   Thumb Code    58  stm32f1xx_hal_rcc.o(i.HAL_RCC_GetClockConfig)
    HAL_RCC_GetHCLKFreq                      0x0800240d   Thumb Code     6  stm32f1xx_hal_rcc.o(i.HAL_RCC_GetHCLKFreq)
    HAL_RCC_GetPCLK1Freq                     0x08002419   Thumb Code    22  stm32f1xx_hal_rcc.o(i.HAL_RCC_GetPCLK1Freq)
    HAL_RCC_GetPCLK2Freq                     0x08002439   Thumb Code    22  stm32f1xx_hal_rcc.o(i.HAL_RCC_GetPCLK2Freq)
    HAL_RCC_GetSysClockFreq                  0x08002459   Thumb Code   116  stm32f1xx_hal_rcc.o(i.HAL_RCC_GetSysClockFreq)
    HAL_RCC_OscConfig                        0x080024ed   Thumb Code  1114  stm32f1xx_hal_rcc.o(i.HAL_RCC_OscConfig)
    HAL_TIMEx_BreakCallback                  0x08002951   Thumb Code     2  stm32f1xx_hal_tim_ex.o(i.HAL_TIMEx_BreakCallback)
    HAL_TIMEx_CommutCallback                 0x08002953   Thumb Code     2  stm32f1xx_hal_tim_ex.o(i.HAL_TIMEx_CommutCallback)
    HAL_TIMEx_MasterConfigSynchronization    0x08002955   Thumb Code   118  stm32f1xx_hal_tim_ex.o(i.HAL_TIMEx_MasterConfigSynchronization)
    HAL_TIM_Base_Init                        0x080029d9   Thumb Code   102  stm32f1xx_hal_tim.o(i.HAL_TIM_Base_Init)
    HAL_TIM_Base_MspInit                     0x08002a41   Thumb Code   156  tim.o(i.HAL_TIM_Base_MspInit)
    HAL_TIM_Base_Start_IT                    0x08002ae9   Thumb Code   106  stm32f1xx_hal_tim.o(i.HAL_TIM_Base_Start_IT)
    HAL_TIM_ConfigClockSource                0x08002b61   Thumb Code   264  stm32f1xx_hal_tim.o(i.HAL_TIM_ConfigClockSource)
    HAL_TIM_IC_CaptureCallback               0x08002c69   Thumb Code     2  stm32f1xx_hal_tim.o(i.HAL_TIM_IC_CaptureCallback)
    HAL_TIM_IC_ConfigChannel                 0x08002c6b   Thumb Code   212  stm32f1xx_hal_tim.o(i.HAL_TIM_IC_ConfigChannel)
    HAL_TIM_IC_Init                          0x08002d3f   Thumb Code   102  stm32f1xx_hal_tim.o(i.HAL_TIM_IC_Init)
    HAL_TIM_IC_MspInit                       0x08002da5   Thumb Code     2  stm32f1xx_hal_tim.o(i.HAL_TIM_IC_MspInit)
    HAL_TIM_IC_Start_IT                      0x08002da9   Thumb Code   332  stm32f1xx_hal_tim.o(i.HAL_TIM_IC_Start_IT)
    HAL_TIM_IRQHandler                       0x08002f01   Thumb Code   406  stm32f1xx_hal_tim.o(i.HAL_TIM_IRQHandler)
    HAL_TIM_MspPostInit                      0x08003099   Thumb Code   118  tim.o(i.HAL_TIM_MspPostInit)
    HAL_TIM_OC_DelayElapsedCallback          0x08003121   Thumb Code     2  stm32f1xx_hal_tim.o(i.HAL_TIM_OC_DelayElapsedCallback)
    HAL_TIM_PWM_ConfigChannel                0x08003123   Thumb Code   252  stm32f1xx_hal_tim.o(i.HAL_TIM_PWM_ConfigChannel)
    HAL_TIM_PWM_Init                         0x0800321f   Thumb Code   102  stm32f1xx_hal_tim.o(i.HAL_TIM_PWM_Init)
    HAL_TIM_PWM_MspInit                      0x08003285   Thumb Code     2  stm32f1xx_hal_tim.o(i.HAL_TIM_PWM_MspInit)
    HAL_TIM_PWM_PulseFinishedCallback        0x08003287   Thumb Code     2  stm32f1xx_hal_tim.o(i.HAL_TIM_PWM_PulseFinishedCallback)
    HAL_TIM_PWM_Start                        0x08003289   Thumb Code   198  stm32f1xx_hal_tim.o(i.HAL_TIM_PWM_Start)
    HAL_TIM_PeriodElapsedCallback            0x0800335d   Thumb Code    18  main.o(i.HAL_TIM_PeriodElapsedCallback)
    HAL_TIM_TriggerCallback                  0x08003375   Thumb Code     2  stm32f1xx_hal_tim.o(i.HAL_TIM_TriggerCallback)
    HAL_UART_ErrorCallback                   0x08003377   Thumb Code     2  stm32f1xx_hal_uart.o(i.HAL_UART_ErrorCallback)
    HAL_UART_IRQHandler                      0x08003379   Thumb Code   334  stm32f1xx_hal_uart.o(i.HAL_UART_IRQHandler)
    HAL_UART_Init                            0x080034cd   Thumb Code   114  stm32f1xx_hal_uart.o(i.HAL_UART_Init)
    HAL_UART_MspInit                         0x08003541   Thumb Code   136  usart.o(i.HAL_UART_MspInit)
    HAL_UART_RxCpltCallback                  0x080035d5   Thumb Code     2  stm32f1xx_hal_uart.o(i.HAL_UART_RxCpltCallback)
    HAL_UART_Transmit                        0x080035d7   Thumb Code   210  stm32f1xx_hal_uart.o(i.HAL_UART_Transmit)
    HAL_UART_TxCpltCallback                  0x080036a9   Thumb Code     2  stm32f1xx_hal_uart.o(i.HAL_UART_TxCpltCallback)
    HardFault_Handler                        0x080036ab   Thumb Code     4  stm32f1xx_it.o(i.HardFault_Handler)
    INT16ToCh                                0x080036af   Thumb Code    10  modbusprotocol.o(i.INT16ToCh)
    LoadParam                                0x080036f9   Thumb Code    54  task05.o(i.LoadParam)
    MX_FREERTOS_Init                         0x08003739   Thumb Code    74  freertos.o(i.MX_FREERTOS_Init)
    MX_GPIO_Init                             0x080037c1   Thumb Code   232  gpio.o(i.MX_GPIO_Init)
    MX_TIM2_Init                             0x080038b9   Thumb Code   170  tim.o(i.MX_TIM2_Init)
    MX_TIM3_Init                             0x08003969   Thumb Code   202  tim.o(i.MX_TIM3_Init)
    MX_USART2_UART_Init                      0x08003a3d   Thumb Code    46  usart.o(i.MX_USART2_UART_Init)
    MX_USB_DEVICE_Init                       0x08003a75   Thumb Code    60  usb_device.o(i.MX_USB_DEVICE_Init)
    MbNregWrite                              0x08003ac1   Thumb Code    34  modbusprotocol.o(i.MbNregWrite)
    MbRegRead                                0x08003ae9   Thumb Code   512  modbusprotocol.o(i.MbRegRead)
    MbRegWrite                               0x08003d01   Thumb Code   612  modbusprotocol.o(i.MbRegWrite)
    MemManage_Handler                        0x08003f75   Thumb Code     4  stm32f1xx_it.o(i.MemManage_Handler)
    ModBusComCheck                           0x08003f79   Thumb Code    48  task04.o(i.ModBusComCheck)
    ModBusProtocol                           0x08003fb1   Thumb Code   282  modbusprotocol.o(i.ModBusProtocol)
    NMI_Handler                              0x080040dd   Thumb Code     2  stm32f1xx_it.o(i.NMI_Handler)
    OutputVASignal                           0x080040e1   Thumb Code   424  task02.o(i.OutputVASignal)
    ReadBufFromFlash                         0x080046a1   Thumb Code    38  task05.o(i.ReadBufFromFlash)
    Read_Ret                                 0x080046d1   Thumb Code    70  modbusprotocol.o(i.Read_Ret)
    Rx2RecToBuf                              0x08004725   Thumb Code    58  modbusprotocol.o(i.Rx2RecToBuf)
    StartTask01                              0x08004771   Thumb Code    18  freertos.o(i.StartTask01)
    StartTask02                              0x08004783   Thumb Code    14  freertos.o(i.StartTask02)
    StartTask03                              0x08004791   Thumb Code    14  freertos.o(i.StartTask03)
    StartTask04                              0x0800479f   Thumb Code    14  freertos.o(i.StartTask04)
    StartTask05                              0x080047ad   Thumb Code    14  freertos.o(i.StartTask05)
    SysTick_Handler                          0x080047bd   Thumb Code    46  port.o(i.SysTick_Handler)
    SystemClock_Config                       0x080047f1   Thumb Code   132  main.o(i.SystemClock_Config)
    SystemInit                               0x08004875   Thumb Code     2  system_stm32f1xx.o(i.SystemInit)
    TIM2ICD                                  0x08004879   Thumb Code   266  pulsecalc.o(i.TIM2ICD)
    TIM2_IRQHandler                          0x0800499d   Thumb Code    14  stm32f1xx_it.o(i.TIM2_IRQHandler)
    TIM4_IRQHandler                          0x080049b1   Thumb Code    10  stm32f1xx_it.o(i.TIM4_IRQHandler)
    TIM_Base_SetConfig                       0x080049c1   Thumb Code   104  stm32f1xx_hal_tim.o(i.TIM_Base_SetConfig)
    TIM_CCxChannelCmd                        0x08004a35   Thumb Code    34  stm32f1xx_hal_tim.o(i.TIM_CCxChannelCmd)
    TIM_ETR_SetConfig                        0x08004a57   Thumb Code    22  stm32f1xx_hal_tim.o(i.TIM_ETR_SetConfig)
    TIM_OC2_SetConfig                        0x08004ae1   Thumb Code   100  stm32f1xx_hal_tim.o(i.TIM_OC2_SetConfig)
    TIM_TI1_SetConfig                        0x08004c21   Thumb Code    90  stm32f1xx_hal_tim.o(i.TIM_TI1_SetConfig)
    Task01Main                               0x08004d61   Thumb Code    64  task01.o(i.Task01Main)
    Task02Main                               0x08004da9   Thumb Code    72  task02.o(i.Task02Main)
    Task03Main                               0x08004df9   Thumb Code    10  task03.o(i.Task03Main)
    Task04Main                               0x08004e05   Thumb Code    24  task04.o(i.Task04Main)
    Task05Main                               0x08004e21   Thumb Code    18  task05.o(i.Task05Main)
    Tx2Send                                  0x08004e35   Thumb Code    50  modbusprotocol.o(i.Tx2Send)
    USART2_IRQHandler                        0x08005135   Thumb Code    14  stm32f1xx_it.o(i.USART2_IRQHandler)
    USBD_CDC_GetDeviceQualifierDescriptor    0x08005279   Thumb Code    10  usbd_cdc.o(i.USBD_CDC_GetDeviceQualifierDescriptor)
    USBD_CDC_ReceivePacket                   0x08005371   Thumb Code    58  usbd_cdc.o(i.USBD_CDC_ReceivePacket)
    USBD_CDC_RegisterInterface               0x080053ab   Thumb Code    14  usbd_cdc.o(i.USBD_CDC_RegisterInterface)
    USBD_CDC_SetRxBuffer                     0x080053b9   Thumb Code    14  usbd_cdc.o(i.USBD_CDC_SetRxBuffer)
    USBD_CDC_SetTxBuffer                     0x080053c7   Thumb Code    20  usbd_cdc.o(i.USBD_CDC_SetTxBuffer)
    USBD_ClrClassConfig                      0x080054cf   Thumb Code    22  usbd_core.o(i.USBD_ClrClassConfig)
    USBD_CtlContinueRx                       0x08005523   Thumb Code    24  usbd_ioreq.o(i.USBD_CtlContinueRx)
    USBD_CtlContinueSendData                 0x0800553b   Thumb Code    24  usbd_ioreq.o(i.USBD_CtlContinueSendData)
    USBD_CtlError                            0x08005553   Thumb Code    24  usbd_ctlreq.o(i.USBD_CtlError)
    USBD_CtlPrepareRx                        0x0800556b   Thumb Code    40  usbd_ioreq.o(i.USBD_CtlPrepareRx)
    USBD_CtlReceiveStatus                    0x08005593   Thumb Code    26  usbd_ioreq.o(i.USBD_CtlReceiveStatus)
    USBD_CtlSendData                         0x080055ad   Thumb Code    34  usbd_ioreq.o(i.USBD_CtlSendData)
    USBD_CtlSendStatus                       0x080055cf   Thumb Code    26  usbd_ioreq.o(i.USBD_CtlSendStatus)
    USBD_FS_ConfigStrDescriptor              0x080055e9   Thumb Code    34  usbd_desc.o(i.USBD_FS_ConfigStrDescriptor)
    USBD_FS_DeviceDescriptor                 0x0800561d   Thumb Code    10  usbd_desc.o(i.USBD_FS_DeviceDescriptor)
    USBD_FS_InterfaceStrDescriptor           0x0800562d   Thumb Code    34  usbd_desc.o(i.USBD_FS_InterfaceStrDescriptor)
    USBD_FS_LangIDStrDescriptor              0x08005665   Thumb Code    10  usbd_desc.o(i.USBD_FS_LangIDStrDescriptor)
    USBD_FS_ManufacturerStrDescriptor        0x08005675   Thumb Code    20  usbd_desc.o(i.USBD_FS_ManufacturerStrDescriptor)
    USBD_FS_ProductStrDescriptor             0x080056a1   Thumb Code    34  usbd_desc.o(i.USBD_FS_ProductStrDescriptor)
    USBD_FS_SerialStrDescriptor              0x080056e1   Thumb Code    18  usbd_desc.o(i.USBD_FS_SerialStrDescriptor)
    USBD_GetString                           0x080059b1   Thumb Code    82  usbd_ctlreq.o(i.USBD_GetString)
    USBD_Init                                0x08005a2f   Thumb Code    50  usbd_core.o(i.USBD_Init)
    USBD_LL_ClearStallEP                     0x08005a61   Thumb Code    38  usbd_conf.o(i.USBD_LL_ClearStallEP)
    USBD_LL_CloseEP                          0x08005a87   Thumb Code    38  usbd_conf.o(i.USBD_LL_CloseEP)
    USBD_LL_DataInStage                      0x08005aad   Thumb Code   256  usbd_core.o(i.USBD_LL_DataInStage)
    USBD_LL_DataOutStage                     0x08005bad   Thumb Code   166  usbd_core.o(i.USBD_LL_DataOutStage)
    USBD_LL_GetRxDataSize                    0x08005c53   Thumb Code    18  usbd_conf.o(i.USBD_LL_GetRxDataSize)
    USBD_LL_Init                             0x08005c65   Thumb Code   124  usbd_conf.o(i.USBD_LL_Init)
    USBD_LL_IsStallEP                        0x08005ce9   Thumb Code    56  usbd_conf.o(i.USBD_LL_IsStallEP)
    USBD_LL_OpenEP                           0x08005d21   Thumb Code    48  usbd_conf.o(i.USBD_LL_OpenEP)
    USBD_LL_PrepareReceive                   0x08005d51   Thumb Code    48  usbd_conf.o(i.USBD_LL_PrepareReceive)
    USBD_LL_Reset                            0x08005d81   Thumb Code    92  usbd_core.o(i.USBD_LL_Reset)
    USBD_LL_Resume                           0x08005ddd   Thumb Code    22  usbd_core.o(i.USBD_LL_Resume)
    USBD_LL_SOF                              0x08005df3   Thumb Code    34  usbd_core.o(i.USBD_LL_SOF)
    USBD_LL_SetSpeed                         0x08005e15   Thumb Code     8  usbd_core.o(i.USBD_LL_SetSpeed)
    USBD_LL_SetUSBAddress                    0x08005e1d   Thumb Code    38  usbd_conf.o(i.USBD_LL_SetUSBAddress)
    USBD_LL_SetupStage                       0x08005e43   Thumb Code   110  usbd_core.o(i.USBD_LL_SetupStage)
    USBD_LL_StallEP                          0x08005eb1   Thumb Code    38  usbd_conf.o(i.USBD_LL_StallEP)
    USBD_LL_Start                            0x08005ed7   Thumb Code    30  usbd_conf.o(i.USBD_LL_Start)
    USBD_LL_Suspend                          0x08005ef5   Thumb Code    20  usbd_core.o(i.USBD_LL_Suspend)
    USBD_LL_Transmit                         0x08005f09   Thumb Code    48  usbd_conf.o(i.USBD_LL_Transmit)
    USBD_ParseSetupRequest                   0x08005f39   Thumb Code    40  usbd_ctlreq.o(i.USBD_ParseSetupRequest)
    USBD_RegisterClass                       0x08005f61   Thumb Code    16  usbd_core.o(i.USBD_RegisterClass)
    USBD_RunTestMode                         0x08005f71   Thumb Code     6  usbd_core.o(i.USBD_RunTestMode)
    USBD_SetClassConfig                      0x08005fd1   Thumb Code    34  usbd_core.o(i.USBD_SetClassConfig)
    USBD_Start                               0x080060f5   Thumb Code    14  usbd_core.o(i.USBD_Start)
    USBD_StdDevReq                           0x08006103   Thumb Code   162  usbd_ctlreq.o(i.USBD_StdDevReq)
    USBD_StdEPReq                            0x080061a5   Thumb Code   568  usbd_ctlreq.o(i.USBD_StdEPReq)
    USBD_StdItfReq                           0x080063dd   Thumb Code   126  usbd_ctlreq.o(i.USBD_StdItfReq)
    USBD_static_free                         0x0800645b   Thumb Code     2  usbd_conf.o(i.USBD_static_free)
    USBD_static_malloc                       0x0800645d   Thumb Code     6  usbd_conf.o(i.USBD_static_malloc)
    USB_ActivateEndpoint                     0x08006469   Thumb Code  1100  stm32f1xx_ll_usb.o(i.USB_ActivateEndpoint)
    USB_CoreInit                             0x080068b5   Thumb Code     8  stm32f1xx_ll_usb.o(i.USB_CoreInit)
    USB_DeactivateEndpoint                   0x080068bd   Thumb Code   636  stm32f1xx_ll_usb.o(i.USB_DeactivateEndpoint)
    USB_DevConnect                           0x08006b39   Thumb Code     6  stm32f1xx_ll_usb.o(i.USB_DevConnect)
    USB_DevDisconnect                        0x08006b3f   Thumb Code     6  stm32f1xx_ll_usb.o(i.USB_DevDisconnect)
    USB_DevInit                              0x08006b45   Thumb Code    22  stm32f1xx_ll_usb.o(i.USB_DevInit)
    USB_DisableGlobalInt                     0x08006b5b   Thumb Code    20  stm32f1xx_ll_usb.o(i.USB_DisableGlobalInt)
    USB_EP0_OutStart                         0x08006b6f   Thumb Code     6  stm32f1xx_ll_usb.o(i.USB_EP0_OutStart)
    USB_EPClearStall                         0x08006b75   Thumb Code   218  stm32f1xx_ll_usb.o(i.USB_EPClearStall)
    USB_EPSetStall                           0x08006c4f   Thumb Code    92  stm32f1xx_ll_usb.o(i.USB_EPSetStall)
    USB_EPStartXfer                          0x08006cab   Thumb Code  2558  stm32f1xx_ll_usb.o(i.USB_EPStartXfer)
    USB_EnableGlobalInt                      0x080076a9   Thumb Code    18  stm32f1xx_ll_usb.o(i.USB_EnableGlobalInt)
    USB_LP_CAN1_RX0_IRQHandler               0x080076bd   Thumb Code    10  stm32f1xx_it.o(i.USB_LP_CAN1_RX0_IRQHandler)
    USB_ReadInterrupts                       0x080076cd   Thumb Code     8  stm32f1xx_ll_usb.o(i.USB_ReadInterrupts)
    USB_ReadPMA                              0x080076d5   Thumb Code    74  stm32f1xx_ll_usb.o(i.USB_ReadPMA)
    USB_SetCurrentMode                       0x0800771f   Thumb Code     6  stm32f1xx_ll_usb.o(i.USB_SetCurrentMode)
    USB_SetDevAddress                        0x08007725   Thumb Code    14  stm32f1xx_ll_usb.o(i.USB_SetDevAddress)
    USB_WritePMA                             0x08007733   Thumb Code    66  stm32f1xx_ll_usb.o(i.USB_WritePMA)
    UsageFault_Handler                       0x08007775   Thumb Code     4  stm32f1xx_it.o(i.UsageFault_Handler)
    Usart2BaudRate                           0x08007779   Thumb Code    72  task05.o(i.Usart2BaudRate)
    VoltageOutput                            0x080077c5   Thumb Code   108  vaoutput.o(i.VoltageOutput)
    WriteBufToFlash                          0x08007839   Thumb Code    92  task05.o(i.WriteBufToFlash)
    Write_Ret                                0x0800789d   Thumb Code    44  modbusprotocol.o(i.Write_Ret)
    __scatterload_copy                       0x0800791f   Thumb Code    14  handlers.o(i.__scatterload_copy)
    __scatterload_null                       0x0800792d   Thumb Code     2  handlers.o(i.__scatterload_null)
    __scatterload_zeroinit                   0x0800792f   Thumb Code    14  handlers.o(i.__scatterload_zeroinit)
    main                                     0x0800793d   Thumb Code   104  main.o(i.main)
    osDelay                                  0x080079b1   Thumb Code    50  cmsis_os2.o(i.osDelay)
    osKernelInitialize                       0x080079e9   Thumb Code    58  cmsis_os2.o(i.osKernelInitialize)
    osKernelStart                            0x08007a29   Thumb Code    64  cmsis_os2.o(i.osKernelStart)
    osThreadNew                              0x08007a6d   Thumb Code   216  cmsis_os2.o(i.osThreadNew)
    pvPortMalloc                             0x08008515   Thumb Code   296  heap_4.o(i.pvPortMalloc)
    pxPortInitialiseStack                    0x08008651   Thumb Code    30  port.o(i.pxPortInitialiseStack)
    sumCalc                                  0x08008675   Thumb Code   156  task02.o(i.sumCalc)
    uxListRemove                             0x08008725   Thumb Code    40  list.o(i.uxListRemove)
    vApplicationGetIdleTaskMemory            0x0800874d   Thumb Code    14  cmsis_os2.o(i.vApplicationGetIdleTaskMemory)
    vApplicationGetTimerTaskMemory           0x08008765   Thumb Code    16  cmsis_os2.o(i.vApplicationGetTimerTaskMemory)
    vListInitialise                          0x0800877d   Thumb Code    26  list.o(i.vListInitialise)
    vListInitialiseItem                      0x08008797   Thumb Code     6  list.o(i.vListInitialiseItem)
    vListInsert                              0x0800879d   Thumb Code    52  list.o(i.vListInsert)
    vListInsertEnd                           0x080087d1   Thumb Code    24  list.o(i.vListInsertEnd)
    vPortEnterCritical                       0x080087e9   Thumb Code    76  port.o(i.vPortEnterCritical)
    vPortExitCritical                        0x0800883d   Thumb Code    56  port.o(i.vPortExitCritical)
    vPortFree                                0x08008879   Thumb Code   140  heap_4.o(i.vPortFree)
    vPortSetupTimerInterrupt                 0x0800890d   Thumb Code    36  port.o(i.vPortSetupTimerInterrupt)
    vPortValidateInterruptPriority           0x08008935   Thumb Code   106  port.o(i.vPortValidateInterruptPriority)
    vQueueAddToRegistry                      0x080089ad   Thumb Code    38  queue.o(i.vQueueAddToRegistry)
    vQueueWaitForMessageRestricted           0x080089d9   Thumb Code    74  queue.o(i.vQueueWaitForMessageRestricted)
    vTaskDelay                               0x08008a25   Thumb Code    82  tasks.o(i.vTaskDelay)
    vTaskInternalSetTimeOutState             0x08008a81   Thumb Code    14  tasks.o(i.vTaskInternalSetTimeOutState)
    vTaskMissedYield                         0x08008a99   Thumb Code     8  tasks.o(i.vTaskMissedYield)
    vTaskPlaceOnEventList                    0x08008aa5   Thumb Code    52  tasks.o(i.vTaskPlaceOnEventList)
    vTaskPlaceOnEventListRestricted          0x08008add   Thumb Code    60  tasks.o(i.vTaskPlaceOnEventListRestricted)
    vTaskStartScheduler                      0x08008b1d   Thumb Code   156  tasks.o(i.vTaskStartScheduler)
    vTaskSuspendAll                          0x08008bd5   Thumb Code    12  tasks.o(i.vTaskSuspendAll)
    vTaskSwitchContext                       0x08008be5   Thumb Code   122  tasks.o(i.vTaskSwitchContext)
    xPortStartScheduler                      0x08008c75   Thumb Code   228  port.o(i.xPortStartScheduler)
    xQueueGenericCreateStatic                0x08008d6d   Thumb Code   222  queue.o(i.xQueueGenericCreateStatic)
    xQueueGenericReset                       0x08008e4d   Thumb Code   146  queue.o(i.xQueueGenericReset)
    xQueueGenericSend                        0x08008ee5   Thumb Code   420  queue.o(i.xQueueGenericSend)
    xQueueGenericSendFromISR                 0x0800908d   Thumb Code   248  queue.o(i.xQueueGenericSendFromISR)
    xQueueReceive                            0x08009185   Thumb Code   356  queue.o(i.xQueueReceive)
    xTaskCheckForTimeOut                     0x080092ed   Thumb Code   132  tasks.o(i.xTaskCheckForTimeOut)
    xTaskCreate                              0x08009379   Thumb Code   100  tasks.o(i.xTaskCreate)
    xTaskCreateStatic                        0x080093dd   Thumb Code   184  tasks.o(i.xTaskCreateStatic)
    xTaskGetSchedulerState                   0x08009495   Thumb Code    24  tasks.o(i.xTaskGetSchedulerState)
    xTaskGetTickCount                        0x080094b5   Thumb Code     6  tasks.o(i.xTaskGetTickCount)
    xTaskIncrementTick                       0x080094c1   Thumb Code   280  tasks.o(i.xTaskIncrementTick)
    xTaskPriorityDisinherit                  0x08009605   Thumb Code   152  tasks.o(i.xTaskPriorityDisinherit)
    xTaskRemoveFromEventList                 0x080096a9   Thumb Code   126  tasks.o(i.xTaskRemoveFromEventList)
    xTaskResumeAll                           0x08009741   Thumb Code   222  tasks.o(i.xTaskResumeAll)
    xTimerCreateTimerTask                    0x08009845   Thumb Code   100  timers.o(i.xTimerCreateTimerTask)
    xTimerGenericCommand                     0x080098bd   Thumb Code   128  timers.o(i.xTimerGenericCommand)
    Task01_attributes                        0x08009940   Data          36  freertos.o(.constdata)
    Task02_attributes                        0x08009964   Data          36  freertos.o(.constdata)
    Task03_attributes                        0x08009988   Data          36  freertos.o(.constdata)
    Task04_attributes                        0x080099ac   Data          36  freertos.o(.constdata)
    Task05_attributes                        0x080099d0   Data          36  freertos.o(.constdata)
    AHBPrescTable                            0x080099f4   Data          16  system_stm32f1xx.o(.constdata)
    APBPrescTable                            0x08009a04   Data           8  system_stm32f1xx.o(.constdata)
    auchCRCHi                                0x08009a0c   Data         256  crc.o(.constdata)
    auchCRCLo                                0x08009b0c   Data         256  crc.o(.constdata)
    Region$$Table$$Base                      0x08009c34   Number         0  anon$$obj.o(Region$$Table)
    Region$$Table$$Limit                     0x08009c54   Number         0  anon$$obj.o(Region$$Table)
    Task01Handle                             0x20000000   Data           4  freertos.o(.data)
    Task02Handle                             0x20000004   Data           4  freertos.o(.data)
    Task03Handle                             0x20000008   Data           4  freertos.o(.data)
    Task04Handle                             0x2000000c   Data           4  freertos.o(.data)
    Task05Handle                             0x20000010   Data           4  freertos.o(.data)
    Tim2ICD                                  0x20000014   Data           8  task01.o(.data)
    Tx2Num                                   0x2000001c   Data           1  task01.o(.data)
    Tx2Cnt                                   0x2000001d   Data           1  task01.o(.data)
    Rx2Num                                   0x2000001e   Data           1  task01.o(.data)
    Rx2OverTime                              0x2000001f   Data           1  task01.o(.data)
    uwTick                                   0x20000024   Data           4  stm32f1xx_hal.o(.data)
    uwTickPrio                               0x20000028   Data           4  stm32f1xx_hal.o(.data)
    uwTickFreq                               0x2000002c   Data           1  stm32f1xx_hal.o(.data)
    SystemCoreClock                          0x20000030   Data           4  system_stm32f1xx.o(.data)
    pxCurrentTCB                             0x20000044   Data           4  tasks.o(.data)
    FS_Desc                                  0x200000bc   Data          28  usbd_desc.o(.data)
    USBD_FS_DeviceDesc                       0x200000d8   Data          18  usbd_desc.o(.data)
    USBD_LangIDDesc                          0x200000ec   Data           4  usbd_desc.o(.data)
    USBD_StringSerial                        0x200000f0   Data          26  usbd_desc.o(.data)
    USBD_Interface_fops_FS                   0x2000010c   Data          16  usbd_cdc_if.o(.data)
    USBD_CDC                                 0x2000012c   Data          56  usbd_cdc.o(.data)
    USBD_CDC_CfgHSDesc                       0x20000164   Data          67  usbd_cdc.o(.data)
    USBD_CDC_CfgFSDesc                       0x200001a8   Data          67  usbd_cdc.o(.data)
    USBD_CDC_OtherSpeedCfgDesc               0x200001ec   Data          67  usbd_cdc.o(.data)
    htim2                                    0x20000230   Data          72  tim.o(.bss)
    htim3                                    0x20000278   Data          72  tim.o(.bss)
    huart2                                   0x200002c0   Data          64  usart.o(.bss)
    htim4                                    0x20000300   Data          72  stm32f1xx_hal_timebase_tim.o(.bss)
    CfgData                                  0x20000348   Data          56  task01.o(.bss)
    chA                                      0x20000380   Data          16  task01.o(.bss)
    chB                                      0x20000390   Data          16  task01.o(.bss)
    DataMap                                  0x200003a0   Data         200  task01.o(.bss)
    Tx2Buf                                   0x20000468   Data         200  task01.o(.bss)
    Rx2Buf                                   0x20000530   Data         200  task01.o(.bss)
    datatfbuf                                0x200005f8   Data         100  task05.o(.bss)
    pFlash                                   0x20000660   Data          32  stm32f1xx_hal_flash.o(.bss)
    xQueueRegistry                           0x20000680   Data          64  queue.o(.bss)
    hUsbDeviceFS                             0x20002354   Data         708  usb_device.o(.bss)
    USBD_StrDesc                             0x20002618   Data         512  usbd_desc.o(.bss)
    UserRxBufferFS                           0x20002818   Data        1000  usbd_cdc_if.o(.bss)
    UserTxBufferFS                           0x20002c00   Data        1000  usbd_cdc_if.o(.bss)
    hpcd_USB_FS                              0x20002fe8   Data         748  usbd_conf.o(.bss)
    __initial_sp                             0x200038f8   Data           0  startup_stm32f103xb.o(STACK)



==============================================================================

Memory Map of the image

  Image Entry point : 0x080000ed

  Load Region LR_IROM1 (Base: 0x08000000, Size: 0x00009e84, Max: 0x00010000, ABSOLUTE, COMPRESSED[0x00009d1c])

    Execution Region ER_IROM1 (Exec base: 0x08000000, Load base: 0x08000000, Size: 0x00009c54, Max: 0x00010000, ABSOLUTE)

    Exec Addr    Load Addr    Size         Type   Attr      Idx    E Section Name        Object

    0x08000000   0x08000000   0x000000ec   Data   RO            3    RESET               startup_stm32f103xb.o
    0x080000ec   0x080000ec   0x00000000   Code   RO         6248  * .ARM.Collect$$$$00000000  mc_w.l(entry.o)
    0x080000ec   0x080000ec   0x00000004   Code   RO         6287    .ARM.Collect$$$$00000001  mc_w.l(entry2.o)
    0x080000f0   0x080000f0   0x00000004   Code   RO         6290    .ARM.Collect$$$$00000004  mc_w.l(entry5.o)
    0x080000f4   0x080000f4   0x00000000   Code   RO         6292    .ARM.Collect$$$$00000008  mc_w.l(entry7b.o)
    0x080000f4   0x080000f4   0x00000000   Code   RO         6294    .ARM.Collect$$$$0000000A  mc_w.l(entry8b.o)
    0x080000f4   0x080000f4   0x00000008   Code   RO         6295    .ARM.Collect$$$$0000000B  mc_w.l(entry9a.o)
    0x080000fc   0x080000fc   0x00000004   Code   RO         6302    .ARM.Collect$$$$0000000E  mc_w.l(entry12b.o)
    0x08000100   0x08000100   0x00000000   Code   RO         6297    .ARM.Collect$$$$0000000F  mc_w.l(entry10a.o)
    0x08000100   0x08000100   0x00000000   Code   RO         6299    .ARM.Collect$$$$00000011  mc_w.l(entry11a.o)
    0x08000100   0x08000100   0x00000004   Code   RO         6288    .ARM.Collect$$$$00002712  mc_w.l(entry2.o)
    0x08000104   0x08000104   0x00000096   Code   RO         5273    .emb_text           port.o
    0x0800019a   0x0800019a   0x00000002   PAD
    0x0800019c   0x0800019c   0x00000024   Code   RO            4    .text               startup_stm32f103xb.o
    0x080001c0   0x080001c0   0x00000020   Code   RO         6251    .text               mc_w.l(llushr.o)
    0x080001e0   0x080001e0   0x00000024   Code   RO         6253    .text               mc_w.l(memcpya.o)
    0x08000204   0x08000204   0x00000024   Code   RO         6257    .text               mc_w.l(memseta.o)
    0x08000228   0x08000228   0x000000b0   Code   RO         6261    .text               mf_w.l(fadd.o)
    0x080002d8   0x080002d8   0x00000064   Code   RO         6263    .text               mf_w.l(fmul.o)
    0x0800033c   0x0800033c   0x0000007c   Code   RO         6265    .text               mf_w.l(fdiv.o)
    0x080003b8   0x080003b8   0x0000014e   Code   RO         6267    .text               mf_w.l(dadd.o)
    0x08000506   0x08000506   0x000000e4   Code   RO         6269    .text               mf_w.l(dmul.o)
    0x080005ea   0x080005ea   0x00000012   Code   RO         6271    .text               mf_w.l(fflti.o)
    0x080005fc   0x080005fc   0x0000000a   Code   RO         6273    .text               mf_w.l(ffltui.o)
    0x08000606   0x08000606   0x00000032   Code   RO         6275    .text               mf_w.l(ffixi.o)
    0x08000638   0x08000638   0x00000032   Code   RO         6277    .text               mf_w.l(dfixui.o)
    0x0800066a   0x0800066a   0x00000026   Code   RO         6279    .text               mf_w.l(f2d.o)
    0x08000690   0x08000690   0x00000038   Code   RO         6281    .text               mf_w.l(d2f.o)
    0x080006c8   0x080006c8   0x00000014   Code   RO         6283    .text               mf_w.l(cfcmple.o)
    0x080006dc   0x080006dc   0x00000014   Code   RO         6285    .text               mf_w.l(cfrcmple.o)
    0x080006f0   0x080006f0   0x0000001e   Code   RO         6303    .text               mc_w.l(llshl.o)
    0x0800070e   0x0800070e   0x00000024   Code   RO         6305    .text               mc_w.l(llsshr.o)
    0x08000732   0x08000732   0x00000000   Code   RO         6307    .text               mc_w.l(iusefp.o)
    0x08000732   0x08000732   0x0000006e   Code   RO         6308    .text               mf_w.l(fepilogue.o)
    0x080007a0   0x080007a0   0x000000ba   Code   RO         6310    .text               mf_w.l(depilogue.o)
    0x0800085a   0x0800085a   0x00000002   PAD
    0x0800085c   0x0800085c   0x00000024   Code   RO         6312    .text               mc_w.l(init.o)
    0x08000880   0x08000880   0x00000056   Code   RO         6322    .text               mc_w.l(__dczerorl2.o)
    0x080008d6   0x080008d6   0x00000004   Code   RO          417    i.BusFault_Handler  stm32f1xx_it.o
    0x080008da   0x080008da   0x00000044   Code   RO         5589    i.CDC_Control_FS    usbd_cdc_if.o
    0x0800091e   0x0800091e   0x00000004   Code   RO         5590    i.CDC_DeInit_FS     usbd_cdc_if.o
    0x08000922   0x08000922   0x00000002   PAD
    0x08000924   0x08000924   0x00000024   Code   RO         5591    i.CDC_Init_FS       usbd_cdc_if.o
    0x08000948   0x08000948   0x0000001c   Code   RO         5592    i.CDC_Receive_FS    usbd_cdc_if.o
    0x08000964   0x08000964   0x0000003c   Code   RO         5350    i.CalCRC16          crc.o
    0x080009a0   0x080009a0   0x0000001c   Code   RO         5366    i.ChToFloat         modbusprotocol.o
    0x080009bc   0x080009bc   0x00000010   Code   RO         5367    i.ChToINT16         modbusprotocol.o
    0x080009cc   0x080009cc   0x0000005c   Code   RO          602    i.CntToKGCalc       task02.o
    0x08000a28   0x08000a28   0x00000064   Code   RO          723    i.ConfigUpdate      task05.o
    0x08000a8c   0x08000a8c   0x00000074   Code   RO         3658    i.CurrentOutput     vaoutput.o
    0x08000b00   0x08000b00   0x00000002   Code   RO          418    i.DebugMon_Handler  stm32f1xx_it.o
    0x08000b02   0x08000b02   0x00000002   PAD
    0x08000b04   0x08000b04   0x0000007c   Code   RO          724    i.DefultParam       task05.o
    0x08000b80   0x08000b80   0x00000002   Code   RO           13    i.Error_Handler     main.o
    0x08000b82   0x08000b82   0x00000002   PAD
    0x08000b84   0x08000b84   0x00000028   Code   RO         2103    i.FLASH_MassErase   stm32f1xx_hal_flash_ex.o
    0x08000bac   0x08000bac   0x00000028   Code   RO         2112    i.FLASH_PageErase   stm32f1xx_hal_flash_ex.o
    0x08000bd4   0x08000bd4   0x00000020   Code   RO         2000    i.FLASH_Program_HalfWord  stm32f1xx_hal_flash.o
    0x08000bf4   0x08000bf4   0x00000084   Code   RO         2001    i.FLASH_SetErrorCode  stm32f1xx_hal_flash.o
    0x08000c78   0x08000c78   0x00000070   Code   RO         2002    i.FLASH_WaitForLastOperation  stm32f1xx_hal_flash.o
    0x08000ce8   0x08000ce8   0x00000018   Code   RO         5369    i.FloatToCh         modbusprotocol.o
    0x08000d00   0x08000d00   0x00000034   Code   RO         5499    i.Get_SerialNum     usbd_desc.o
    0x08000d34   0x08000d34   0x000000b0   Code   RO         1660    i.HAL_DMA_Abort_IT  stm32f1xx_hal_dma.o
    0x08000de4   0x08000de4   0x000000b0   Code   RO         2113    i.HAL_FLASHEx_Erase  stm32f1xx_hal_flash_ex.o
    0x08000e94   0x08000e94   0x00000014   Code   RO         2006    i.HAL_FLASH_Lock    stm32f1xx_hal_flash.o
    0x08000ea8   0x08000ea8   0x000000b0   Code   RO         2011    i.HAL_FLASH_Program  stm32f1xx_hal_flash.o
    0x08000f58   0x08000f58   0x00000030   Code   RO         2013    i.HAL_FLASH_Unlock  stm32f1xx_hal_flash.o
    0x08000f88   0x08000f88   0x00000320   Code   RO         1595    i.HAL_GPIO_Init     stm32f1xx_hal_gpio.o
    0x080012a8   0x080012a8   0x0000000c   Code   RO         1599    i.HAL_GPIO_WritePin  stm32f1xx_hal_gpio.o
    0x080012b4   0x080012b4   0x0000000c   Code   RO         1286    i.HAL_GetTick       stm32f1xx_hal.o
    0x080012c0   0x080012c0   0x00000018   Code   RO         1292    i.HAL_IncTick       stm32f1xx_hal.o
    0x080012d8   0x080012d8   0x00000028   Code   RO         1293    i.HAL_Init          stm32f1xx_hal.o
    0x08001300   0x08001300   0x00000088   Code   RO          529    i.HAL_InitTick      stm32f1xx_hal_timebase_tim.o
    0x08001388   0x08001388   0x00000054   Code   RO          505    i.HAL_MspInit       stm32f1xx_hal_msp.o
    0x080013dc   0x080013dc   0x00000020   Code   RO         1755    i.HAL_NVIC_EnableIRQ  stm32f1xx_hal_cortex.o
    0x080013fc   0x080013fc   0x0000007c   Code   RO         1761    i.HAL_NVIC_SetPriority  stm32f1xx_hal_cortex.o
    0x08001478   0x08001478   0x00000028   Code   RO         1762    i.HAL_NVIC_SetPriorityGrouping  stm32f1xx_hal_cortex.o
    0x080014a0   0x080014a0   0x00000044   Code   RO         1055    i.HAL_PCDEx_PMAConfig  stm32f1xx_hal_pcd_ex.o
    0x080014e4   0x080014e4   0x00000002   Code   RO         5641    i.HAL_PCDEx_SetConnectionState  usbd_conf.o
    0x080014e6   0x080014e6   0x00000020   Code   RO         5643    i.HAL_PCD_DataInStageCallback  usbd_conf.o
    0x08001506   0x08001506   0x00000020   Code   RO         5644    i.HAL_PCD_DataOutStageCallback  usbd_conf.o
    0x08001526   0x08001526   0x0000006a   Code   RO          831    i.HAL_PCD_EP_Close  stm32f1xx_hal_pcd.o
    0x08001590   0x08001590   0x0000007c   Code   RO          832    i.HAL_PCD_EP_ClrStall  stm32f1xx_hal_pcd.o
    0x0800160c   0x0800160c   0x00000158   Code   RO          833    i.HAL_PCD_EP_DB_Receive  stm32f1xx_hal_pcd.o
    0x08001764   0x08001764   0x00000376   Code   RO          834    i.HAL_PCD_EP_DB_Transmit  stm32f1xx_hal_pcd.o
    0x08001ada   0x08001ada   0x00000016   Code   RO          836    i.HAL_PCD_EP_GetRxCount  stm32f1xx_hal_pcd.o
    0x08001af0   0x08001af0   0x0000008c   Code   RO          837    i.HAL_PCD_EP_Open   stm32f1xx_hal_pcd.o
    0x08001b7c   0x08001b7c   0x0000004c   Code   RO          838    i.HAL_PCD_EP_Receive  stm32f1xx_hal_pcd.o
    0x08001bc8   0x08001bc8   0x00000088   Code   RO          839    i.HAL_PCD_EP_SetStall  stm32f1xx_hal_pcd.o
    0x08001c50   0x08001c50   0x00000056   Code   RO          840    i.HAL_PCD_EP_Transmit  stm32f1xx_hal_pcd.o
    0x08001ca6   0x08001ca6   0x000001e2   Code   RO          842    i.HAL_PCD_IRQHandler  stm32f1xx_hal_pcd.o
    0x08001e88   0x08001e88   0x00000158   Code   RO          845    i.HAL_PCD_Init      stm32f1xx_hal_pcd.o
    0x08001fe0   0x08001fe0   0x00000044   Code   RO         5649    i.HAL_PCD_MspInit   usbd_conf.o
    0x08002024   0x08002024   0x00000024   Code   RO         5650    i.HAL_PCD_ResetCallback  usbd_conf.o
    0x08002048   0x08002048   0x0000000e   Code   RO         5651    i.HAL_PCD_ResumeCallback  usbd_conf.o
    0x08002056   0x08002056   0x0000000e   Code   RO         5652    i.HAL_PCD_SOFCallback  usbd_conf.o
    0x08002064   0x08002064   0x00000036   Code   RO          851    i.HAL_PCD_SetAddress  stm32f1xx_hal_pcd.o
    0x0800209a   0x0800209a   0x00000012   Code   RO         5653    i.HAL_PCD_SetupStageCallback  usbd_conf.o
    0x080020ac   0x080020ac   0x0000003c   Code   RO          853    i.HAL_PCD_Start     stm32f1xx_hal_pcd.o
    0x080020e8   0x080020e8   0x00000024   Code   RO         5654    i.HAL_PCD_SuspendCallback  usbd_conf.o
    0x0800210c   0x0800210c   0x00000130   Code   RO         1558    i.HAL_RCCEx_PeriphCLKConfig  stm32f1xx_hal_rcc_ex.o
    0x0800223c   0x0800223c   0x0000018c   Code   RO         1450    i.HAL_RCC_ClockConfig  stm32f1xx_hal_rcc.o
    0x080023c8   0x080023c8   0x00000044   Code   RO         1454    i.HAL_RCC_GetClockConfig  stm32f1xx_hal_rcc.o
    0x0800240c   0x0800240c   0x0000000c   Code   RO         1455    i.HAL_RCC_GetHCLKFreq  stm32f1xx_hal_rcc.o
    0x08002418   0x08002418   0x00000020   Code   RO         1457    i.HAL_RCC_GetPCLK1Freq  stm32f1xx_hal_rcc.o
    0x08002438   0x08002438   0x00000020   Code   RO         1458    i.HAL_RCC_GetPCLK2Freq  stm32f1xx_hal_rcc.o
    0x08002458   0x08002458   0x00000094   Code   RO         1459    i.HAL_RCC_GetSysClockFreq  stm32f1xx_hal_rcc.o
    0x080024ec   0x080024ec   0x00000464   Code   RO         1462    i.HAL_RCC_OscConfig  stm32f1xx_hal_rcc.o
    0x08002950   0x08002950   0x00000002   Code   RO         2998    i.HAL_TIMEx_BreakCallback  stm32f1xx_hal_tim_ex.o
    0x08002952   0x08002952   0x00000002   Code   RO         2999    i.HAL_TIMEx_CommutCallback  stm32f1xx_hal_tim_ex.o
    0x08002954   0x08002954   0x00000084   Code   RO         3017    i.HAL_TIMEx_MasterConfigSynchronization  stm32f1xx_hal_tim_ex.o
    0x080029d8   0x080029d8   0x00000066   Code   RO         2283    i.HAL_TIM_Base_Init  stm32f1xx_hal_tim.o
    0x08002a3e   0x08002a3e   0x00000002   PAD
    0x08002a40   0x08002a40   0x000000a8   Code   RO          322    i.HAL_TIM_Base_MspInit  tim.o
    0x08002ae8   0x08002ae8   0x00000078   Code   RO         2288    i.HAL_TIM_Base_Start_IT  stm32f1xx_hal_tim.o
    0x08002b60   0x08002b60   0x00000108   Code   RO         2292    i.HAL_TIM_ConfigClockSource  stm32f1xx_hal_tim.o
    0x08002c68   0x08002c68   0x00000002   Code   RO         2317    i.HAL_TIM_IC_CaptureCallback  stm32f1xx_hal_tim.o
    0x08002c6a   0x08002c6a   0x000000d4   Code   RO         2319    i.HAL_TIM_IC_ConfigChannel  stm32f1xx_hal_tim.o
    0x08002d3e   0x08002d3e   0x00000066   Code   RO         2322    i.HAL_TIM_IC_Init   stm32f1xx_hal_tim.o
    0x08002da4   0x08002da4   0x00000002   Code   RO         2324    i.HAL_TIM_IC_MspInit  stm32f1xx_hal_tim.o
    0x08002da6   0x08002da6   0x00000002   PAD
    0x08002da8   0x08002da8   0x00000158   Code   RO         2327    i.HAL_TIM_IC_Start_IT  stm32f1xx_hal_tim.o
    0x08002f00   0x08002f00   0x00000196   Code   RO         2331    i.HAL_TIM_IRQHandler  stm32f1xx_hal_tim.o
    0x08003096   0x08003096   0x00000002   PAD
    0x08003098   0x08003098   0x00000088   Code   RO          323    i.HAL_TIM_MspPostInit  tim.o
    0x08003120   0x08003120   0x00000002   Code   RO         2334    i.HAL_TIM_OC_DelayElapsedCallback  stm32f1xx_hal_tim.o
    0x08003122   0x08003122   0x000000fc   Code   RO         2355    i.HAL_TIM_PWM_ConfigChannel  stm32f1xx_hal_tim.o
    0x0800321e   0x0800321e   0x00000066   Code   RO         2358    i.HAL_TIM_PWM_Init  stm32f1xx_hal_tim.o
    0x08003284   0x08003284   0x00000002   Code   RO         2360    i.HAL_TIM_PWM_MspInit  stm32f1xx_hal_tim.o
    0x08003286   0x08003286   0x00000002   Code   RO         2361    i.HAL_TIM_PWM_PulseFinishedCallback  stm32f1xx_hal_tim.o
    0x08003288   0x08003288   0x000000d4   Code   RO         2363    i.HAL_TIM_PWM_Start  stm32f1xx_hal_tim.o
    0x0800335c   0x0800335c   0x00000018   Code   RO           14    i.HAL_TIM_PeriodElapsedCallback  main.o
    0x08003374   0x08003374   0x00000002   Code   RO         2374    i.HAL_TIM_TriggerCallback  stm32f1xx_hal_tim.o
    0x08003376   0x08003376   0x00000002   Code   RO         3286    i.HAL_UART_ErrorCallback  stm32f1xx_hal_uart.o
    0x08003378   0x08003378   0x00000154   Code   RO         3289    i.HAL_UART_IRQHandler  stm32f1xx_hal_uart.o
    0x080034cc   0x080034cc   0x00000072   Code   RO         3290    i.HAL_UART_Init     stm32f1xx_hal_uart.o
    0x0800353e   0x0800353e   0x00000002   PAD
    0x08003540   0x08003540   0x00000094   Code   RO          376    i.HAL_UART_MspInit  usart.o
    0x080035d4   0x080035d4   0x00000002   Code   RO         3296    i.HAL_UART_RxCpltCallback  stm32f1xx_hal_uart.o
    0x080035d6   0x080035d6   0x000000d2   Code   RO         3298    i.HAL_UART_Transmit  stm32f1xx_hal_uart.o
    0x080036a8   0x080036a8   0x00000002   Code   RO         3301    i.HAL_UART_TxCpltCallback  stm32f1xx_hal_uart.o
    0x080036aa   0x080036aa   0x00000004   Code   RO          419    i.HardFault_Handler  stm32f1xx_it.o
    0x080036ae   0x080036ae   0x0000000a   Code   RO         5370    i.INT16ToCh         modbusprotocol.o
    0x080036b8   0x080036b8   0x0000003e   Code   RO         5500    i.IntToUnicode      usbd_desc.o
    0x080036f6   0x080036f6   0x00000002   PAD
    0x080036f8   0x080036f8   0x00000040   Code   RO          725    i.LoadParam         task05.o
    0x08003738   0x08003738   0x00000088   Code   RO          233    i.MX_FREERTOS_Init  freertos.o
    0x080037c0   0x080037c0   0x000000f8   Code   RO          209    i.MX_GPIO_Init      gpio.o
    0x080038b8   0x080038b8   0x000000b0   Code   RO          324    i.MX_TIM2_Init      tim.o
    0x08003968   0x08003968   0x000000d4   Code   RO          325    i.MX_TIM3_Init      tim.o
    0x08003a3c   0x08003a3c   0x00000038   Code   RO          377    i.MX_USART2_UART_Init  usart.o
    0x08003a74   0x08003a74   0x0000004c   Code   RO         5468    i.MX_USB_DEVICE_Init  usb_device.o
    0x08003ac0   0x08003ac0   0x00000028   Code   RO         5372    i.MbNregWrite       modbusprotocol.o
    0x08003ae8   0x08003ae8   0x00000218   Code   RO         5373    i.MbRegRead         modbusprotocol.o
    0x08003d00   0x08003d00   0x00000274   Code   RO         5374    i.MbRegWrite        modbusprotocol.o
    0x08003f74   0x08003f74   0x00000004   Code   RO          420    i.MemManage_Handler  stm32f1xx_it.o
    0x08003f78   0x08003f78   0x00000038   Code   RO          692    i.ModBusComCheck    task04.o
    0x08003fb0   0x08003fb0   0x0000012c   Code   RO         5375    i.ModBusProtocol    modbusprotocol.o
    0x080040dc   0x080040dc   0x00000002   Code   RO          421    i.NMI_Handler       stm32f1xx_it.o
    0x080040de   0x080040de   0x00000002   PAD
    0x080040e0   0x080040e0   0x000001b4   Code   RO          603    i.OutputVASignal    task02.o
    0x08004294   0x08004294   0x000003e2   Code   RO          857    i.PCD_EP_ISR_Handler  stm32f1xx_hal_pcd.o
    0x08004676   0x08004676   0x00000002   PAD
    0x08004678   0x08004678   0x00000028   Code   RO         1463    i.RCC_Delay         stm32f1xx_hal_rcc.o
    0x080046a0   0x080046a0   0x00000030   Code   RO          726    i.ReadBufFromFlash  task05.o
    0x080046d0   0x080046d0   0x00000054   Code   RO         5376    i.Read_Ret          modbusprotocol.o
    0x08004724   0x08004724   0x0000004c   Code   RO         5377    i.Rx2RecToBuf       modbusprotocol.o
    0x08004770   0x08004770   0x00000012   Code   RO          234    i.StartTask01       freertos.o
    0x08004782   0x08004782   0x0000000e   Code   RO          235    i.StartTask02       freertos.o
    0x08004790   0x08004790   0x0000000e   Code   RO          236    i.StartTask03       freertos.o
    0x0800479e   0x0800479e   0x0000000e   Code   RO          237    i.StartTask04       freertos.o
    0x080047ac   0x080047ac   0x0000000e   Code   RO          238    i.StartTask05       freertos.o
    0x080047ba   0x080047ba   0x00000002   PAD
    0x080047bc   0x080047bc   0x00000034   Code   RO         5274    i.SysTick_Handler   port.o
    0x080047f0   0x080047f0   0x00000084   Code   RO           15    i.SystemClock_Config  main.o
    0x08004874   0x08004874   0x00000002   Code   RO         3597    i.SystemInit        system_stm32f1xx.o
    0x08004876   0x08004876   0x00000002   PAD
    0x08004878   0x08004878   0x00000124   Code   RO         3633    i.TIM2ICD           pulsecalc.o
    0x0800499c   0x0800499c   0x00000014   Code   RO          422    i.TIM2_IRQHandler   stm32f1xx_it.o
    0x080049b0   0x080049b0   0x00000010   Code   RO          423    i.TIM4_IRQHandler   stm32f1xx_it.o
    0x080049c0   0x080049c0   0x00000074   Code   RO         2376    i.TIM_Base_SetConfig  stm32f1xx_hal_tim.o
    0x08004a34   0x08004a34   0x00000022   Code   RO         2377    i.TIM_CCxChannelCmd  stm32f1xx_hal_tim.o
    0x08004a56   0x08004a56   0x00000016   Code   RO         2387    i.TIM_ETR_SetConfig  stm32f1xx_hal_tim.o
    0x08004a6c   0x08004a6c   0x00000012   Code   RO         2388    i.TIM_ITRx_SetConfig  stm32f1xx_hal_tim.o
    0x08004a7e   0x08004a7e   0x00000002   PAD
    0x08004a80   0x08004a80   0x00000060   Code   RO         2389    i.TIM_OC1_SetConfig  stm32f1xx_hal_tim.o
    0x08004ae0   0x08004ae0   0x00000068   Code   RO         2390    i.TIM_OC2_SetConfig  stm32f1xx_hal_tim.o
    0x08004b48   0x08004b48   0x00000068   Code   RO         2391    i.TIM_OC3_SetConfig  stm32f1xx_hal_tim.o
    0x08004bb0   0x08004bb0   0x00000048   Code   RO         2392    i.TIM_OC4_SetConfig  stm32f1xx_hal_tim.o
    0x08004bf8   0x08004bf8   0x00000026   Code   RO         2394    i.TIM_TI1_ConfigInputStage  stm32f1xx_hal_tim.o
    0x08004c1e   0x08004c1e   0x00000002   PAD
    0x08004c20   0x08004c20   0x00000068   Code   RO         2395    i.TIM_TI1_SetConfig  stm32f1xx_hal_tim.o
    0x08004c88   0x08004c88   0x00000028   Code   RO         2396    i.TIM_TI2_ConfigInputStage  stm32f1xx_hal_tim.o
    0x08004cb0   0x08004cb0   0x0000003a   Code   RO         2397    i.TIM_TI2_SetConfig  stm32f1xx_hal_tim.o
    0x08004cea   0x08004cea   0x00000038   Code   RO         2398    i.TIM_TI3_SetConfig  stm32f1xx_hal_tim.o
    0x08004d22   0x08004d22   0x0000003c   Code   RO         2399    i.TIM_TI4_SetConfig  stm32f1xx_hal_tim.o
    0x08004d5e   0x08004d5e   0x00000002   PAD
    0x08004d60   0x08004d60   0x00000048   Code   RO          568    i.Task01Main        task01.o
    0x08004da8   0x08004da8   0x00000050   Code   RO          604    i.Task02Main        task02.o
    0x08004df8   0x08004df8   0x0000000a   Code   RO          651    i.Task03Main        task03.o
    0x08004e02   0x08004e02   0x00000002   PAD
    0x08004e04   0x08004e04   0x0000001c   Code   RO          693    i.Task04Main        task04.o
    0x08004e20   0x08004e20   0x00000012   Code   RO          727    i.Task05Main        task05.o
    0x08004e32   0x08004e32   0x00000002   PAD
    0x08004e34   0x08004e34   0x00000044   Code   RO         5378    i.Tx2Send           modbusprotocol.o
    0x08004e78   0x08004e78   0x00000014   Code   RO         3303    i.UART_DMAAbortOnError  stm32f1xx_hal_uart.o
    0x08004e8c   0x08004e8c   0x00000020   Code   RO         3313    i.UART_EndRxTransfer  stm32f1xx_hal_uart.o
    0x08004eac   0x08004eac   0x00000020   Code   RO         3314    i.UART_EndTransmit_IT  stm32f1xx_hal_uart.o
    0x08004ecc   0x08004ecc   0x000000a0   Code   RO         3316    i.UART_Receive_IT   stm32f1xx_hal_uart.o
    0x08004f6c   0x08004f6c   0x000000fc   Code   RO         3317    i.UART_SetConfig    stm32f1xx_hal_uart.o
    0x08005068   0x08005068   0x00000060   Code   RO         3318    i.UART_Transmit_IT  stm32f1xx_hal_uart.o
    0x080050c8   0x080050c8   0x0000006c   Code   RO         3319    i.UART_WaitOnFlagUntilTimeout  stm32f1xx_hal_uart.o
    0x08005134   0x08005134   0x00000014   Code   RO          424    i.USART2_IRQHandler  stm32f1xx_it.o
    0x08005148   0x08005148   0x0000007c   Code   RO         6146    i.USBD_CDC_DataIn   usbd_cdc.o
    0x080051c4   0x080051c4   0x00000034   Code   RO         6147    i.USBD_CDC_DataOut  usbd_cdc.o
    0x080051f8   0x080051f8   0x0000004e   Code   RO         6148    i.USBD_CDC_DeInit   usbd_cdc.o
    0x08005246   0x08005246   0x00000032   Code   RO         6149    i.USBD_CDC_EP0_RxReady  usbd_cdc.o
    0x08005278   0x08005278   0x00000010   Code   RO         6150    i.USBD_CDC_GetDeviceQualifierDescriptor  usbd_cdc.o
    0x08005288   0x08005288   0x00000010   Code   RO         6151    i.USBD_CDC_GetFSCfgDesc  usbd_cdc.o
    0x08005298   0x08005298   0x00000010   Code   RO         6152    i.USBD_CDC_GetHSCfgDesc  usbd_cdc.o
    0x080052a8   0x080052a8   0x00000010   Code   RO         6153    i.USBD_CDC_GetOtherSpeedCfgDesc  usbd_cdc.o
    0x080052b8   0x080052b8   0x000000b8   Code   RO         6154    i.USBD_CDC_Init     usbd_cdc.o
    0x08005370   0x08005370   0x0000003a   Code   RO         6155    i.USBD_CDC_ReceivePacket  usbd_cdc.o
    0x080053aa   0x080053aa   0x0000000e   Code   RO         6156    i.USBD_CDC_RegisterInterface  usbd_cdc.o
    0x080053b8   0x080053b8   0x0000000e   Code   RO         6157    i.USBD_CDC_SetRxBuffer  usbd_cdc.o
    0x080053c6   0x080053c6   0x00000014   Code   RO         6158    i.USBD_CDC_SetTxBuffer  usbd_cdc.o
    0x080053da   0x080053da   0x000000f4   Code   RO         6159    i.USBD_CDC_Setup    usbd_cdc.o
    0x080054ce   0x080054ce   0x00000016   Code   RO         5853    i.USBD_ClrClassConfig  usbd_core.o
    0x080054e4   0x080054e4   0x0000003e   Code   RO         5991    i.USBD_ClrFeature   usbd_ctlreq.o
    0x08005522   0x08005522   0x00000018   Code   RO         6086    i.USBD_CtlContinueRx  usbd_ioreq.o
    0x0800553a   0x0800553a   0x00000018   Code   RO         6087    i.USBD_CtlContinueSendData  usbd_ioreq.o
    0x08005552   0x08005552   0x00000018   Code   RO         5992    i.USBD_CtlError     usbd_ctlreq.o
    0x0800556a   0x0800556a   0x00000028   Code   RO         6088    i.USBD_CtlPrepareRx  usbd_ioreq.o
    0x08005592   0x08005592   0x0000001a   Code   RO         6089    i.USBD_CtlReceiveStatus  usbd_ioreq.o
    0x080055ac   0x080055ac   0x00000022   Code   RO         6090    i.USBD_CtlSendData  usbd_ioreq.o
    0x080055ce   0x080055ce   0x0000001a   Code   RO         6091    i.USBD_CtlSendStatus  usbd_ioreq.o
    0x080055e8   0x080055e8   0x00000034   Code   RO         5501    i.USBD_FS_ConfigStrDescriptor  usbd_desc.o
    0x0800561c   0x0800561c   0x00000010   Code   RO         5502    i.USBD_FS_DeviceDescriptor  usbd_desc.o
    0x0800562c   0x0800562c   0x00000038   Code   RO         5503    i.USBD_FS_InterfaceStrDescriptor  usbd_desc.o
    0x08005664   0x08005664   0x00000010   Code   RO         5504    i.USBD_FS_LangIDStrDescriptor  usbd_desc.o
    0x08005674   0x08005674   0x0000002c   Code   RO         5505    i.USBD_FS_ManufacturerStrDescriptor  usbd_desc.o
    0x080056a0   0x080056a0   0x00000040   Code   RO         5506    i.USBD_FS_ProductStrDescriptor  usbd_desc.o
    0x080056e0   0x080056e0   0x00000018   Code   RO         5507    i.USBD_FS_SerialStrDescriptor  usbd_desc.o
    0x080056f8   0x080056f8   0x00000056   Code   RO         5993    i.USBD_GetConfig    usbd_ctlreq.o
    0x0800574e   0x0800574e   0x000001f4   Code   RO         5994    i.USBD_GetDescriptor  usbd_ctlreq.o
    0x08005942   0x08005942   0x00000014   Code   RO         5995    i.USBD_GetLen       usbd_ctlreq.o
    0x08005956   0x08005956   0x0000005a   Code   RO         5996    i.USBD_GetStatus    usbd_ctlreq.o
    0x080059b0   0x080059b0   0x00000052   Code   RO         5997    i.USBD_GetString    usbd_ctlreq.o
    0x08005a02   0x08005a02   0x0000002c   Code   RO         5655    i.USBD_Get_USB_Status  usbd_conf.o
    0x08005a2e   0x08005a2e   0x00000032   Code   RO         5855    i.USBD_Init         usbd_core.o
    0x08005a60   0x08005a60   0x00000026   Code   RO         5656    i.USBD_LL_ClearStallEP  usbd_conf.o
    0x08005a86   0x08005a86   0x00000026   Code   RO         5657    i.USBD_LL_CloseEP   usbd_conf.o
    0x08005aac   0x08005aac   0x00000100   Code   RO         5856    i.USBD_LL_DataInStage  usbd_core.o
    0x08005bac   0x08005bac   0x000000a6   Code   RO         5857    i.USBD_LL_DataOutStage  usbd_core.o
    0x08005c52   0x08005c52   0x00000012   Code   RO         5661    i.USBD_LL_GetRxDataSize  usbd_conf.o
    0x08005c64   0x08005c64   0x00000084   Code   RO         5662    i.USBD_LL_Init      usbd_conf.o
    0x08005ce8   0x08005ce8   0x00000038   Code   RO         5663    i.USBD_LL_IsStallEP  usbd_conf.o
    0x08005d20   0x08005d20   0x00000030   Code   RO         5664    i.USBD_LL_OpenEP    usbd_conf.o
    0x08005d50   0x08005d50   0x00000030   Code   RO         5665    i.USBD_LL_PrepareReceive  usbd_conf.o
    0x08005d80   0x08005d80   0x0000005c   Code   RO         5862    i.USBD_LL_Reset     usbd_core.o
    0x08005ddc   0x08005ddc   0x00000016   Code   RO         5863    i.USBD_LL_Resume    usbd_core.o
    0x08005df2   0x08005df2   0x00000022   Code   RO         5864    i.USBD_LL_SOF       usbd_core.o
    0x08005e14   0x08005e14   0x00000008   Code   RO         5865    i.USBD_LL_SetSpeed  usbd_core.o
    0x08005e1c   0x08005e1c   0x00000026   Code   RO         5666    i.USBD_LL_SetUSBAddress  usbd_conf.o
    0x08005e42   0x08005e42   0x0000006e   Code   RO         5866    i.USBD_LL_SetupStage  usbd_core.o
    0x08005eb0   0x08005eb0   0x00000026   Code   RO         5667    i.USBD_LL_StallEP   usbd_conf.o
    0x08005ed6   0x08005ed6   0x0000001e   Code   RO         5668    i.USBD_LL_Start     usbd_conf.o
    0x08005ef4   0x08005ef4   0x00000014   Code   RO         5867    i.USBD_LL_Suspend   usbd_core.o
    0x08005f08   0x08005f08   0x00000030   Code   RO         5670    i.USBD_LL_Transmit  usbd_conf.o
    0x08005f38   0x08005f38   0x00000028   Code   RO         5998    i.USBD_ParseSetupRequest  usbd_ctlreq.o
    0x08005f60   0x08005f60   0x00000010   Code   RO         5868    i.USBD_RegisterClass  usbd_core.o
    0x08005f70   0x08005f70   0x00000006   Code   RO         5869    i.USBD_RunTestMode  usbd_core.o
    0x08005f76   0x08005f76   0x0000005a   Code   RO         5999    i.USBD_SetAddress   usbd_ctlreq.o
    0x08005fd0   0x08005fd0   0x00000022   Code   RO         5870    i.USBD_SetClassConfig  usbd_core.o
    0x08005ff2   0x08005ff2   0x00000002   PAD
    0x08005ff4   0x08005ff4   0x000000e8   Code   RO         6000    i.USBD_SetConfig    usbd_ctlreq.o
    0x080060dc   0x080060dc   0x00000018   Code   RO         6001    i.USBD_SetFeature   usbd_ctlreq.o
    0x080060f4   0x080060f4   0x0000000e   Code   RO         5871    i.USBD_Start        usbd_core.o
    0x08006102   0x08006102   0x000000a2   Code   RO         6002    i.USBD_StdDevReq    usbd_ctlreq.o
    0x080061a4   0x080061a4   0x00000238   Code   RO         6003    i.USBD_StdEPReq     usbd_ctlreq.o
    0x080063dc   0x080063dc   0x0000007e   Code   RO         6004    i.USBD_StdItfReq    usbd_ctlreq.o
    0x0800645a   0x0800645a   0x00000002   Code   RO         5671    i.USBD_static_free  usbd_conf.o
    0x0800645c   0x0800645c   0x0000000c   Code   RO         5672    i.USBD_static_malloc  usbd_conf.o
    0x08006468   0x08006468   0x0000044c   Code   RO         1095    i.USB_ActivateEndpoint  stm32f1xx_ll_usb.o
    0x080068b4   0x080068b4   0x00000008   Code   RO         1098    i.USB_CoreInit      stm32f1xx_ll_usb.o
    0x080068bc   0x080068bc   0x0000027c   Code   RO         1100    i.USB_DeactivateEndpoint  stm32f1xx_ll_usb.o
    0x08006b38   0x08006b38   0x00000006   Code   RO         1101    i.USB_DevConnect    stm32f1xx_ll_usb.o
    0x08006b3e   0x08006b3e   0x00000006   Code   RO         1102    i.USB_DevDisconnect  stm32f1xx_ll_usb.o
    0x08006b44   0x08006b44   0x00000016   Code   RO         1103    i.USB_DevInit       stm32f1xx_ll_usb.o
    0x08006b5a   0x08006b5a   0x00000014   Code   RO         1104    i.USB_DisableGlobalInt  stm32f1xx_ll_usb.o
    0x08006b6e   0x08006b6e   0x00000006   Code   RO         1105    i.USB_EP0_OutStart  stm32f1xx_ll_usb.o
    0x08006b74   0x08006b74   0x000000da   Code   RO         1106    i.USB_EPClearStall  stm32f1xx_ll_usb.o
    0x08006c4e   0x08006c4e   0x0000005c   Code   RO         1107    i.USB_EPSetStall    stm32f1xx_ll_usb.o
    0x08006caa   0x08006caa   0x000009fe   Code   RO         1108    i.USB_EPStartXfer   stm32f1xx_ll_usb.o
    0x080076a8   0x080076a8   0x00000012   Code   RO         1109    i.USB_EnableGlobalInt  stm32f1xx_ll_usb.o
    0x080076ba   0x080076ba   0x00000002   PAD
    0x080076bc   0x080076bc   0x00000010   Code   RO          425    i.USB_LP_CAN1_RX0_IRQHandler  stm32f1xx_it.o
    0x080076cc   0x080076cc   0x00000008   Code   RO         1116    i.USB_ReadInterrupts  stm32f1xx_ll_usb.o
    0x080076d4   0x080076d4   0x0000004a   Code   RO         1117    i.USB_ReadPMA       stm32f1xx_ll_usb.o
    0x0800771e   0x0800771e   0x00000006   Code   RO         1118    i.USB_SetCurrentMode  stm32f1xx_ll_usb.o
    0x08007724   0x08007724   0x0000000e   Code   RO         1119    i.USB_SetDevAddress  stm32f1xx_ll_usb.o
    0x08007732   0x08007732   0x00000042   Code   RO         1121    i.USB_WritePMA      stm32f1xx_ll_usb.o
    0x08007774   0x08007774   0x00000004   Code   RO          426    i.UsageFault_Handler  stm32f1xx_it.o
    0x08007778   0x08007778   0x0000004c   Code   RO          728    i.Usart2BaudRate    task05.o
    0x080077c4   0x080077c4   0x00000074   Code   RO         3659    i.VoltageOutput     vaoutput.o
    0x08007838   0x08007838   0x00000064   Code   RO          729    i.WriteBufToFlash   task05.o
    0x0800789c   0x0800789c   0x00000038   Code   RO         5379    i.Write_Ret         modbusprotocol.o
    0x080078d4   0x080078d4   0x00000010   Code   RO         1768    i.__NVIC_GetPriorityGrouping  stm32f1xx_hal_cortex.o
    0x080078e4   0x080078e4   0x00000028   Code   RO         1769    i.__NVIC_SetPriority  stm32f1xx_hal_cortex.o
    0x0800790c   0x0800790c   0x00000006   Code   RO         4788    i.__get_BASEPRI     cmsis_os2.o
    0x08007912   0x08007912   0x00000006   Code   RO         4789    i.__get_IPSR        cmsis_os2.o
    0x08007918   0x08007918   0x00000006   Code   RO         4790    i.__get_PRIMASK     cmsis_os2.o
    0x0800791e   0x0800791e   0x0000000e   Code   RO         6316    i.__scatterload_copy  mc_w.l(handlers.o)
    0x0800792c   0x0800792c   0x00000002   Code   RO         6317    i.__scatterload_null  mc_w.l(handlers.o)
    0x0800792e   0x0800792e   0x0000000e   Code   RO         6318    i.__scatterload_zeroinit  mc_w.l(handlers.o)
    0x0800793c   0x0800793c   0x00000074   Code   RO           16    i.main              main.o
    0x080079b0   0x080079b0   0x00000038   Code   RO         4791    i.osDelay           cmsis_os2.o
    0x080079e8   0x080079e8   0x00000040   Code   RO         4805    i.osKernelInitialize  cmsis_os2.o
    0x08007a28   0x08007a28   0x00000044   Code   RO         4808    i.osKernelStart     cmsis_os2.o
    0x08007a6c   0x08007a6c   0x000000dc   Code   RO         4842    i.osThreadNew       cmsis_os2.o
    0x08007b48   0x08007b48   0x0000007c   Code   RO         4263    i.prvAddCurrentTaskToDelayedList  tasks.o
    0x08007bc4   0x08007bc4   0x000000b8   Code   RO         4264    i.prvAddNewTaskToReadyList  tasks.o
    0x08007c7c   0x08007c7c   0x00000074   Code   RO         4624    i.prvCheckForValidListAndQueue  timers.o
    0x08007cf0   0x08007cf0   0x00000048   Code   RO         4265    i.prvCheckTasksWaitingTermination  tasks.o
    0x08007d38   0x08007d38   0x0000002a   Code   RO         3856    i.prvCopyDataFromQueue  queue.o
    0x08007d62   0x08007d62   0x0000007c   Code   RO         3857    i.prvCopyDataToQueue  queue.o
    0x08007dde   0x08007dde   0x00000050   Code   RO         4266    i.prvDeleteTCB      tasks.o
    0x08007e2e   0x08007e2e   0x00000002   PAD
    0x08007e30   0x08007e30   0x00000028   Code   RO         4625    i.prvGetNextExpireTime  timers.o
    0x08007e58   0x08007e58   0x0000007c   Code   RO         5224    i.prvHeapInit       heap_4.o
    0x08007ed4   0x08007ed4   0x00000028   Code   RO         4267    i.prvIdleTask       tasks.o
    0x08007efc   0x08007efc   0x0000002a   Code   RO         3860    i.prvInitialiseNewQueue  queue.o
    0x08007f26   0x08007f26   0x000000b4   Code   RO         4268    i.prvInitialiseNewTask  tasks.o
    0x08007fda   0x08007fda   0x00000002   PAD
    0x08007fdc   0x08007fdc   0x00000068   Code   RO         4269    i.prvInitialiseTaskLists  tasks.o
    0x08008044   0x08008044   0x00000068   Code   RO         5225    i.prvInsertBlockIntoFreeList  heap_4.o
    0x080080ac   0x080080ac   0x00000058   Code   RO         4627    i.prvInsertTimerInActiveList  timers.o
    0x08008104   0x08008104   0x0000001a   Code   RO         3861    i.prvIsQueueEmpty   queue.o
    0x0800811e   0x0800811e   0x0000001e   Code   RO         3862    i.prvIsQueueFull    queue.o
    0x0800813c   0x0800813c   0x00000064   Code   RO         4628    i.prvProcessExpiredTimer  timers.o
    0x080081a0   0x080081a0   0x00000128   Code   RO         4629    i.prvProcessReceivedCommands  timers.o
    0x080082c8   0x080082c8   0x00000074   Code   RO         4630    i.prvProcessTimerOrBlockTask  timers.o
    0x0800833c   0x0800833c   0x00000034   Code   RO         4271    i.prvResetNextTaskUnblockTime  tasks.o
    0x08008370   0x08008370   0x0000002c   Code   RO         4631    i.prvSampleTimeNow  timers.o
    0x0800839c   0x0800839c   0x000000a0   Code   RO         4632    i.prvSwitchTimerLists  timers.o
    0x0800843c   0x0800843c   0x00000040   Code   RO         5275    i.prvTaskExitError  port.o
    0x0800847c   0x0800847c   0x0000001a   Code   RO         4633    i.prvTimerTask      timers.o
    0x08008496   0x08008496   0x0000007e   Code   RO         3863    i.prvUnlockQueue    queue.o
    0x08008514   0x08008514   0x0000013c   Code   RO         5226    i.pvPortMalloc      heap_4.o
    0x08008650   0x08008650   0x00000024   Code   RO         5276    i.pxPortInitialiseStack  port.o
    0x08008674   0x08008674   0x000000b0   Code   RO          605    i.sumCalc           task02.o
    0x08008724   0x08008724   0x00000028   Code   RO         3816    i.uxListRemove      list.o
    0x0800874c   0x0800874c   0x00000018   Code   RO         4854    i.vApplicationGetIdleTaskMemory  cmsis_os2.o
    0x08008764   0x08008764   0x00000018   Code   RO         4855    i.vApplicationGetTimerTaskMemory  cmsis_os2.o
    0x0800877c   0x0800877c   0x0000001a   Code   RO         3817    i.vListInitialise   list.o
    0x08008796   0x08008796   0x00000006   Code   RO         3818    i.vListInitialiseItem  list.o
    0x0800879c   0x0800879c   0x00000034   Code   RO         3819    i.vListInsert       list.o
    0x080087d0   0x080087d0   0x00000018   Code   RO         3820    i.vListInsertEnd    list.o
    0x080087e8   0x080087e8   0x00000054   Code   RO         5278    i.vPortEnterCritical  port.o
    0x0800883c   0x0800883c   0x0000003c   Code   RO         5279    i.vPortExitCritical  port.o
    0x08008878   0x08008878   0x00000094   Code   RO         5227    i.vPortFree         heap_4.o
    0x0800890c   0x0800890c   0x00000028   Code   RO         5280    i.vPortSetupTimerInterrupt  port.o
    0x08008934   0x08008934   0x00000078   Code   RO         5281    i.vPortValidateInterruptPriority  port.o
    0x080089ac   0x080089ac   0x0000002c   Code   RO         3869    i.vQueueAddToRegistry  queue.o
    0x080089d8   0x080089d8   0x0000004a   Code   RO         3873    i.vQueueWaitForMessageRestricted  queue.o
    0x08008a22   0x08008a22   0x00000002   PAD
    0x08008a24   0x08008a24   0x0000005c   Code   RO         4283    i.vTaskDelay        tasks.o
    0x08008a80   0x08008a80   0x00000018   Code   RO         4288    i.vTaskInternalSetTimeOutState  tasks.o
    0x08008a98   0x08008a98   0x0000000c   Code   RO         4289    i.vTaskMissedYield  tasks.o
    0x08008aa4   0x08008aa4   0x00000038   Code   RO         4291    i.vTaskPlaceOnEventList  tasks.o
    0x08008adc   0x08008adc   0x00000040   Code   RO         4292    i.vTaskPlaceOnEventListRestricted  tasks.o
    0x08008b1c   0x08008b1c   0x000000b8   Code   RO         4300    i.vTaskStartScheduler  tasks.o
    0x08008bd4   0x08008bd4   0x00000010   Code   RO         4302    i.vTaskSuspendAll   tasks.o
    0x08008be4   0x08008be4   0x00000090   Code   RO         4303    i.vTaskSwitchContext  tasks.o
    0x08008c74   0x08008c74   0x000000f8   Code   RO         5282    i.xPortStartScheduler  port.o
    0x08008d6c   0x08008d6c   0x000000de   Code   RO         3879    i.xQueueGenericCreateStatic  queue.o
    0x08008e4a   0x08008e4a   0x00000002   PAD
    0x08008e4c   0x08008e4c   0x00000098   Code   RO         3880    i.xQueueGenericReset  queue.o
    0x08008ee4   0x08008ee4   0x000001a8   Code   RO         3881    i.xQueueGenericSend  queue.o
    0x0800908c   0x0800908c   0x000000f8   Code   RO         3882    i.xQueueGenericSendFromISR  queue.o
    0x08009184   0x08009184   0x00000168   Code   RO         3891    i.xQueueReceive     queue.o
    0x080092ec   0x080092ec   0x0000008c   Code   RO         4304    i.xTaskCheckForTimeOut  tasks.o
    0x08009378   0x08009378   0x00000064   Code   RO         4305    i.xTaskCreate       tasks.o
    0x080093dc   0x080093dc   0x000000b8   Code   RO         4306    i.xTaskCreateStatic  tasks.o
    0x08009494   0x08009494   0x00000020   Code   RO         4310    i.xTaskGetSchedulerState  tasks.o
    0x080094b4   0x080094b4   0x0000000c   Code   RO         4311    i.xTaskGetTickCount  tasks.o
    0x080094c0   0x080094c0   0x00000144   Code   RO         4313    i.xTaskIncrementTick  tasks.o
    0x08009604   0x08009604   0x000000a4   Code   RO         4316    i.xTaskPriorityDisinherit  tasks.o
    0x080096a8   0x080096a8   0x00000098   Code   RO         4318    i.xTaskRemoveFromEventList  tasks.o
    0x08009740   0x08009740   0x00000104   Code   RO         4319    i.xTaskResumeAll    tasks.o
    0x08009844   0x08009844   0x00000078   Code   RO         4640    i.xTimerCreateTimerTask  timers.o
    0x080098bc   0x080098bc   0x00000084   Code   RO         4641    i.xTimerGenericCommand  timers.o
    0x08009940   0x08009940   0x000000b4   Data   RO          239    .constdata          freertos.o
    0x080099f4   0x080099f4   0x00000018   Data   RO         3598    .constdata          system_stm32f1xx.o
    0x08009a0c   0x08009a0c   0x00000200   Data   RO         5351    .constdata          crc.o
    0x08009c0c   0x08009c0c   0x00000027   Data   RO          240    .conststring        freertos.o
    0x08009c33   0x08009c33   0x00000001   PAD
    0x08009c34   0x08009c34   0x00000020   Data   RO         6314    Region$$Table       anon$$obj.o


    Execution Region RW_IRAM1 (Exec base: 0x20000000, Load base: 0x08009c54, Size: 0x000038f8, Max: 0x00005000, ABSOLUTE, COMPRESSED[0x000000c8])

    Exec Addr    Load Addr    Size         Type   Attr      Idx    E Section Name        Object

    0x20000000   COMPRESSED   0x00000014   Data   RW          241    .data               freertos.o
    0x20000014   COMPRESSED   0x0000000c   Data   RW          570    .data               task01.o
    0x20000020   COMPRESSED   0x00000001   Data   RW          694    .data               task04.o
    0x20000021   COMPRESSED   0x00000003   PAD
    0x20000024   COMPRESSED   0x00000009   Data   RW         1300    .data               stm32f1xx_hal.o
    0x2000002d   COMPRESSED   0x00000003   PAD
    0x20000030   COMPRESSED   0x00000004   Data   RW         3599    .data               system_stm32f1xx.o
    0x20000034   COMPRESSED   0x00000010   Data   RW         3634    .data               pulsecalc.o
    0x20000044   COMPRESSED   0x0000003c   Data   RW         4322    .data               tasks.o
    0x20000080   COMPRESSED   0x00000014   Data   RW         4649    .data               timers.o
    0x20000094   COMPRESSED   0x00000004   Data   RW         4857    .data               cmsis_os2.o
    0x20000098   COMPRESSED   0x00000018   Data   RW         5232    .data               heap_4.o
    0x200000b0   COMPRESSED   0x0000000c   Data   RW         5283    .data               port.o
    0x200000bc   COMPRESSED   0x0000004e   Data   RW         5509    .data               usbd_desc.o
    0x2000010a   COMPRESSED   0x00000002   PAD
    0x2000010c   COMPRESSED   0x00000010   Data   RW         5595    .data               usbd_cdc_if.o
    0x2000011c   COMPRESSED   0x00000001   Data   RW         6005    .data               usbd_ctlreq.o
    0x2000011d   COMPRESSED   0x00000003   PAD
    0x20000120   COMPRESSED   0x0000010f   Data   RW         6161    .data               usbd_cdc.o
    0x2000022f   COMPRESSED   0x00000001   PAD
    0x20000230        -       0x00000090   Zero   RW          326    .bss                tim.o
    0x200002c0        -       0x00000040   Zero   RW          378    .bss                usart.o
    0x20000300        -       0x00000048   Zero   RW          532    .bss                stm32f1xx_hal_timebase_tim.o
    0x20000348        -       0x000002b0   Zero   RW          569    .bss                task01.o
    0x200005f8        -       0x00000064   Zero   RW          730    .bss                task05.o
    0x2000065c   COMPRESSED   0x00000004   PAD
    0x20000660        -       0x00000020   Zero   RW         2014    .bss                stm32f1xx_hal_flash.o
    0x20000680        -       0x00000040   Zero   RW         3895    .bss                queue.o
    0x200006c0        -       0x000004c4   Zero   RW         4321    .bss                tasks.o
    0x20000b84        -       0x00000118   Zero   RW         4648    .bss                timers.o
    0x20000c9c        -       0x000006b8   Zero   RW         4856    .bss                cmsis_os2.o
    0x20001354        -       0x00001000   Zero   RW         5231    .bss                heap_4.o
    0x20002354        -       0x000002c4   Zero   RW         5469    .bss                usb_device.o
    0x20002618        -       0x00000200   Zero   RW         5508    .bss                usbd_desc.o
    0x20002818        -       0x000007d0   Zero   RW         5594    .bss                usbd_cdc_if.o
    0x20002fe8        -       0x0000050c   Zero   RW         5673    .bss                usbd_conf.o
    0x200034f4   COMPRESSED   0x00000004   PAD
    0x200034f8        -       0x00000400   Zero   RW            1    STACK               startup_stm32f103xb.o


==============================================================================

Image component sizes


      Code (inc. data)   RO Data    RW Data    ZI Data      Debug   Object Name

       474         38          0          4       1720      14838   cmsis_os2.o
        60         10        512          0          0       1209   crc.o
         0          0          0          0          0      20120   event_groups.o
       210         62        219         20          0       6502   freertos.o
       248         16          0          0          0        967   gpio.o
       692         62          0         24       4096       4603   heap_4.o
       148          0          0          0          0       3350   list.o
       274         18          0          0          0     458756   main.o
      1866        190          0          0          0       8047   modbusprotocol.o
       854         78          0         12          0      10777   port.o
       292         26          0         16          0        702   pulsecalc.o
      1914         20          0          0         64      16580   queue.o
        36          8        236          0       1024        792   startup_stm32f103xb.o
        76         20          0          9          0       4578   stm32f1xx_hal.o
       252         22          0          0          0      28606   stm32f1xx_hal_cortex.o
       176          4          0          0          0       1067   stm32f1xx_hal_dma.o
       520         48          0          0         32       4090   stm32f1xx_hal_flash.o
       256         26          0          0          0       2511   stm32f1xx_hal_flash_ex.o
       812         34          0          0          0       2640   stm32f1xx_hal_gpio.o
        84          8          0          0          0        874   stm32f1xx_hal_msp.o
      3854          0          0          0          0      13461   stm32f1xx_hal_pcd.o
        68          0          0          0          0       1150   stm32f1xx_hal_pcd_ex.o
      1852        120          0          0          0       6529   stm32f1xx_hal_rcc.o
       304         14          0          0          0       1376   stm32f1xx_hal_rcc_ex.o
      3050         86          0          0          0      21276   stm32f1xx_hal_tim.o
       136         14          0          0          0       2353   stm32f1xx_hal_tim_ex.o
       136         18          0          0         72       1431   stm32f1xx_hal_timebase_tim.o
      1370         10          0          0          0       9207   stm32f1xx_hal_uart.o
        92         24          0          0          0       4382   stm32f1xx_it.o
      4858          0          0          0          0      18755   stm32f1xx_ll_usb.o
         0          0          0          0          0       8884   stream_buffer.o
         2          0         24          4          0       1083   system_stm32f1xx.o
        72          8          0         12        688       2182   task01.o
       784         56          0          0          0       1970   task02.o
        10          0          0          0          0       2140   task03.o
        84         12          0          1          0        878   task04.o
       530         54          0          0        100       4596   task05.o
      2796        346          0         60       1220      23386   tasks.o
       692         46          0          0        144       3209   tim.o
      1238        124          0         20        280      26439   timers.o
       204         22          0          0         64       1618   usart.o
        76         16          0          0        708        740   usb_device.o
       902         24          0        271          0      12112   usbd_cdc.o
       136         16          0         16       2000       2710   usbd_cdc_if.o
       842         30          0          0       1292      14565   usbd_conf.o
       850          0          0          0          0       9763   usbd_core.o
      2106         28          0          1          0      10512   usbd_ctlreq.o
       386        122          0         78        512       6485   usbd_desc.o
       174          0          0          0          0       4456   usbd_ioreq.o
       232         16          0          0          0       1296   vaoutput.o

    ----------------------------------------------------------------------
     37128       1896       1024        560      14024     810553   Object Totals
         0          0         32          0          0          0   (incl. Generated)
        48          0          1         12          8          0   (incl. Padding)

    ----------------------------------------------------------------------

      Code (inc. data)   RO Data    RW Data    ZI Data      Debug   Library Member Name

        86          0          0          0          0          0   __dczerorl2.o
         0          0          0          0          0          0   entry.o
         0          0          0          0          0          0   entry10a.o
         0          0          0          0          0          0   entry11a.o
         4          0          0          0          0          0   entry12b.o
         8          4          0          0          0          0   entry2.o
         4          0          0          0          0          0   entry5.o
         0          0          0          0          0          0   entry7b.o
         0          0          0          0          0          0   entry8b.o
         8          4          0          0          0          0   entry9a.o
        30          0          0          0          0          0   handlers.o
        36          8          0          0          0         68   init.o
         0          0          0          0          0          0   iusefp.o
        30          0          0          0          0         68   llshl.o
        36          0          0          0          0         68   llsshr.o
        32          0          0          0          0         68   llushr.o
        36          0          0          0          0         68   memcpya.o
        36          0          0          0          0        108   memseta.o
        20          0          0          0          0         68   cfcmple.o
        20          0          0          0          0         68   cfrcmple.o
        56          0          0          0          0         88   d2f.o
       334          0          0          0          0        148   dadd.o
       186          0          0          0          0        176   depilogue.o
        50          0          0          0          0         76   dfixui.o
       228          0          0          0          0         96   dmul.o
        38          0          0          0          0         68   f2d.o
       176          0          0          0          0        140   fadd.o
       124          0          0          0          0         88   fdiv.o
       110          0          0          0          0        168   fepilogue.o
        50          0          0          0          0         68   ffixi.o
        18          0          0          0          0         68   fflti.o
        10          0          0          0          0         68   ffltui.o
       100          0          0          0          0         76   fmul.o

    ----------------------------------------------------------------------
      1868         16          0          0          0       1912   Library Totals
         2          0          0          0          0          0   (incl. Padding)

    ----------------------------------------------------------------------

      Code (inc. data)   RO Data    RW Data    ZI Data      Debug   Library Name

       346         16          0          0          0        448   mc_w.l
      1520          0          0          0          0       1464   mf_w.l

    ----------------------------------------------------------------------
      1868         16          0          0          0       1912   Library Totals

    ----------------------------------------------------------------------

==============================================================================


      Code (inc. data)   RO Data    RW Data    ZI Data      Debug   

     38996       1912       1024        560      14024     794913   Grand Totals
     38996       1912       1024        200      14024     794913   ELF Image Totals (compressed)
     38996       1912       1024        200          0          0   ROM Totals

==============================================================================

    Total RO  Size (Code + RO Data)                40020 (  39.08kB)
    Total RW  Size (RW Data + ZI Data)             14584 (  14.24kB)
    Total ROM Size (Code + RO Data + RW Data)      40220 (  39.28kB)

==============================================================================

